Archive member included to satisfy reference by file (symbol)

/Applications/STM32CubeIDE.app/Contents/Eclipse/plugins/com.st.stm32cube.ide.mcu.externaltools.gnu-tools-for-stm32.9-2020-q2-update.macos64_2.0.0.202105311346/tools/bin/../lib/gcc/arm-none-eabi/9.3.1/../../../../arm-none-eabi/lib/thumb/v7-m/nofp/libc_nano.a(lib_a-errno.o)
                              ./Core/Src/syscalls.o (__errno)
/Applications/STM32CubeIDE.app/Contents/Eclipse/plugins/com.st.stm32cube.ide.mcu.externaltools.gnu-tools-for-stm32.9-2020-q2-update.macos64_2.0.0.202105311346/tools/bin/../lib/gcc/arm-none-eabi/9.3.1/../../../../arm-none-eabi/lib/thumb/v7-m/nofp/libc_nano.a(lib_a-exit.o)
                              /Applications/STM32CubeIDE.app/Contents/Eclipse/plugins/com.st.stm32cube.ide.mcu.externaltools.gnu-tools-for-stm32.9-2020-q2-update.macos64_2.0.0.202105311346/tools/bin/../lib/gcc/arm-none-eabi/9.3.1/../../../../arm-none-eabi/lib/thumb/v7-m/nofp/crt0.o (exit)
/Applications/STM32CubeIDE.app/Contents/Eclipse/plugins/com.st.stm32cube.ide.mcu.externaltools.gnu-tools-for-stm32.9-2020-q2-update.macos64_2.0.0.202105311346/tools/bin/../lib/gcc/arm-none-eabi/9.3.1/../../../../arm-none-eabi/lib/thumb/v7-m/nofp/libc_nano.a(lib_a-impure.o)
                              /Applications/STM32CubeIDE.app/Contents/Eclipse/plugins/com.st.stm32cube.ide.mcu.externaltools.gnu-tools-for-stm32.9-2020-q2-update.macos64_2.0.0.202105311346/tools/bin/../lib/gcc/arm-none-eabi/9.3.1/../../../../arm-none-eabi/lib/thumb/v7-m/nofp/libc_nano.a(lib_a-exit.o) (_global_impure_ptr)
/Applications/STM32CubeIDE.app/Contents/Eclipse/plugins/com.st.stm32cube.ide.mcu.externaltools.gnu-tools-for-stm32.9-2020-q2-update.macos64_2.0.0.202105311346/tools/bin/../lib/gcc/arm-none-eabi/9.3.1/../../../../arm-none-eabi/lib/thumb/v7-m/nofp/libc_nano.a(lib_a-init.o)
                              /Applications/STM32CubeIDE.app/Contents/Eclipse/plugins/com.st.stm32cube.ide.mcu.externaltools.gnu-tools-for-stm32.9-2020-q2-update.macos64_2.0.0.202105311346/tools/bin/../lib/gcc/arm-none-eabi/9.3.1/../../../../arm-none-eabi/lib/thumb/v7-m/nofp/crt0.o (__libc_init_array)
/Applications/STM32CubeIDE.app/Contents/Eclipse/plugins/com.st.stm32cube.ide.mcu.externaltools.gnu-tools-for-stm32.9-2020-q2-update.macos64_2.0.0.202105311346/tools/bin/../lib/gcc/arm-none-eabi/9.3.1/../../../../arm-none-eabi/lib/thumb/v7-m/nofp/libc_nano.a(lib_a-itoa.o)
                              ./Core/Src/main.o (itoa)
/Applications/STM32CubeIDE.app/Contents/Eclipse/plugins/com.st.stm32cube.ide.mcu.externaltools.gnu-tools-for-stm32.9-2020-q2-update.macos64_2.0.0.202105311346/tools/bin/../lib/gcc/arm-none-eabi/9.3.1/../../../../arm-none-eabi/lib/thumb/v7-m/nofp/libc_nano.a(lib_a-memset.o)
                              /Applications/STM32CubeIDE.app/Contents/Eclipse/plugins/com.st.stm32cube.ide.mcu.externaltools.gnu-tools-for-stm32.9-2020-q2-update.macos64_2.0.0.202105311346/tools/bin/../lib/gcc/arm-none-eabi/9.3.1/../../../../arm-none-eabi/lib/thumb/v7-m/nofp/crt0.o (memset)
/Applications/STM32CubeIDE.app/Contents/Eclipse/plugins/com.st.stm32cube.ide.mcu.externaltools.gnu-tools-for-stm32.9-2020-q2-update.macos64_2.0.0.202105311346/tools/bin/../lib/gcc/arm-none-eabi/9.3.1/../../../../arm-none-eabi/lib/thumb/v7-m/nofp/libc_nano.a(lib_a-utoa.o)
                              /Applications/STM32CubeIDE.app/Contents/Eclipse/plugins/com.st.stm32cube.ide.mcu.externaltools.gnu-tools-for-stm32.9-2020-q2-update.macos64_2.0.0.202105311346/tools/bin/../lib/gcc/arm-none-eabi/9.3.1/../../../../arm-none-eabi/lib/thumb/v7-m/nofp/libc_nano.a(lib_a-itoa.o) (__utoa)

Allocating common symbols
Common symbol       size              file

USERPath            0x4               ./FATFS/App/fatfs.o
hspi2               0x58              ./Core/Src/main.o
fs                  0x1030            ./Core/Src/main.o
uwTick              0x4               ./Drivers/STM32F1xx_HAL_Driver/Src/stm32f1xx_hal.o
pFlash              0x20              ./Drivers/STM32F1xx_HAL_Driver/Src/stm32f1xx_hal_flash.o
wavheader           0x2c              ./Core/Src/main.o
hadc1               0x30              ./Core/Src/main.o
huart1              0x44              ./Core/Src/main.o
retUSER             0x1               ./FATFS/App/fatfs.o
htim1               0x48              ./Core/Src/main.o
Timer2              0x2               ./Core/Src/fatfs_sd.o
Timer1              0x2               ./Core/Src/fatfs_sd.o
fil                 0x102c            ./Core/Src/main.o
USERFile            0x102c            ./FATFS/App/fatfs.o
USERFatFS           0x1030            ./FATFS/App/fatfs.o

Discarded input sections

 .text          0x0000000000000000        0x0 /Applications/STM32CubeIDE.app/Contents/Eclipse/plugins/com.st.stm32cube.ide.mcu.externaltools.gnu-tools-for-stm32.9-2020-q2-update.macos64_2.0.0.202105311346/tools/bin/../lib/gcc/arm-none-eabi/9.3.1/thumb/v7-m/nofp/crti.o
[...]
Memory Configuration

Name             Origin             Length             Attributes
RAM              0x0000000020000000 0x0000000000005000 xrw
FLASH            0x0000000008000000 0x0000000000010000 xr
*default*        0x0000000000000000 0xffffffffffffffff

Linker script and memory map

LOAD /Applications/STM32CubeIDE.app/Contents/Eclipse/plugins/com.st.stm32cube.ide.mcu.externaltools.gnu-tools-for-stm32.9-2020-q2-update.macos64_2.0.0.202105311346/tools/bin/../lib/gcc/arm-none-eabi/9.3.1/thumb/v7-m/nofp/crti.o
LOAD /Applications/STM32CubeIDE.app/Contents/Eclipse/plugins/com.st.stm32cube.ide.mcu.externaltools.gnu-tools-for-stm32.9-2020-q2-update.macos64_2.0.0.202105311346/tools/bin/../lib/gcc/arm-none-eabi/9.3.1/thumb/v7-m/nofp/crtbegin.o
LOAD /Applications/STM32CubeIDE.app/Contents/Eclipse/plugins/com.st.stm32cube.ide.mcu.externaltools.gnu-tools-for-stm32.9-2020-q2-update.macos64_2.0.0.202105311346/tools/bin/../lib/gcc/arm-none-eabi/9.3.1/../../../../arm-none-eabi/lib/thumb/v7-m/nofp/crt0.o
LOAD ./Core/Src/fatfs_sd.o
LOAD ./Core/Src/main.o
LOAD ./Core/Src/stm32f1xx_hal_msp.o
LOAD ./Core/Src/stm32f1xx_it.o
LOAD ./Core/Src/syscalls.o
LOAD ./Core/Src/sysmem.o
LOAD ./Core/Src/system_stm32f1xx.o
LOAD ./Core/Startup/startup_stm32f103c8tx.o
LOAD ./Drivers/STM32F1xx_HAL_Driver/Src/stm32f1xx_hal.o
LOAD ./Drivers/STM32F1xx_HAL_Driver/Src/stm32f1xx_hal_adc.o
LOAD ./Drivers/STM32F1xx_HAL_Driver/Src/stm32f1xx_hal_adc_ex.o
LOAD ./Drivers/STM32F1xx_HAL_Driver/Src/stm32f1xx_hal_cortex.o
LOAD ./Drivers/STM32F1xx_HAL_Driver/Src/stm32f1xx_hal_dma.o
LOAD ./Drivers/STM32F1xx_HAL_Driver/Src/stm32f1xx_hal_exti.o
LOAD ./Drivers/STM32F1xx_HAL_Driver/Src/stm32f1xx_hal_flash.o
LOAD ./Drivers/STM32F1xx_HAL_Driver/Src/stm32f1xx_hal_flash_ex.o
LOAD ./Drivers/STM32F1xx_HAL_Driver/Src/stm32f1xx_hal_gpio.o
LOAD ./Drivers/STM32F1xx_HAL_Driver/Src/stm32f1xx_hal_gpio_ex.o
LOAD ./Drivers/STM32F1xx_HAL_Driver/Src/stm32f1xx_hal_pwr.o
LOAD ./Drivers/STM32F1xx_HAL_Driver/Src/stm32f1xx_hal_rcc.o
LOAD ./Drivers/STM32F1xx_HAL_Driver/Src/stm32f1xx_hal_rcc_ex.o
LOAD ./Drivers/STM32F1xx_HAL_Driver/Src/stm32f1xx_hal_spi.o
LOAD ./Drivers/STM32F1xx_HAL_Driver/Src/stm32f1xx_hal_tim.o
LOAD ./Drivers/STM32F1xx_HAL_Driver/Src/stm32f1xx_hal_tim_ex.o
LOAD ./Drivers/STM32F1xx_HAL_Driver/Src/stm32f1xx_hal_uart.o
LOAD ./FATFS/App/fatfs.o
LOAD ./FATFS/Target/user_diskio.o
LOAD ./Middlewares/Third_Party/FatFs/src/diskio.o
LOAD ./Middlewares/Third_Party/FatFs/src/ff.o
LOAD ./Middlewares/Third_Party/FatFs/src/ff_gen_drv.o
LOAD ./Middlewares/Third_Party/FatFs/src/option/ccsbcs.o
LOAD ./Middlewares/Third_Party/FatFs/src/option/syscall.o
START GROUP
LOAD /Applications/STM32CubeIDE.app/Contents/Eclipse/plugins/com.st.stm32cube.ide.mcu.externaltools.gnu-tools-for-stm32.9-2020-q2-update.macos64_2.0.0.202105311346/tools/bin/../lib/gcc/arm-none-eabi/9.3.1/../../../../arm-none-eabi/lib/thumb/v7-m/nofp/libc_nano.a
LOAD /Applications/STM32CubeIDE.app/Contents/Eclipse/plugins/com.st.stm32cube.ide.mcu.externaltools.gnu-tools-for-stm32.9-2020-q2-update.macos64_2.0.0.202105311346/tools/bin/../lib/gcc/arm-none-eabi/9.3.1/../../../../arm-none-eabi/lib/thumb/v7-m/nofp/libm.a
END GROUP
START GROUP
LOAD /Applications/STM32CubeIDE.app/Contents/Eclipse/plugins/com.st.stm32cube.ide.mcu.externaltools.gnu-tools-for-stm32.9-2020-q2-update.macos64_2.0.0.202105311346/tools/bin/../lib/gcc/arm-none-eabi/9.3.1/thumb/v7-m/nofp/libgcc.a
LOAD /Applications/STM32CubeIDE.app/Contents/Eclipse/plugins/com.st.stm32cube.ide.mcu.externaltools.gnu-tools-for-stm32.9-2020-q2-update.macos64_2.0.0.202105311346/tools/bin/../lib/gcc/arm-none-eabi/9.3.1/../../../../arm-none-eabi/lib/thumb/v7-m/nofp/libc_nano.a
END GROUP
START GROUP
LOAD /Applications/STM32CubeIDE.app/Contents/Eclipse/plugins/com.st.stm32cube.ide.mcu.externaltools.gnu-tools-for-stm32.9-2020-q2-update.macos64_2.0.0.202105311346/tools/bin/../lib/gcc/arm-none-eabi/9.3.1/thumb/v7-m/nofp/libgcc.a
LOAD /Applications/STM32CubeIDE.app/Contents/Eclipse/plugins/com.st.stm32cube.ide.mcu.externaltools.gnu-tools-for-stm32.9-2020-q2-update.macos64_2.0.0.202105311346/tools/bin/../lib/gcc/arm-none-eabi/9.3.1/../../../../arm-none-eabi/lib/thumb/v7-m/nofp/libc_nano.a
LOAD /Applications/STM32CubeIDE.app/Contents/Eclipse/plugins/com.st.stm32cube.ide.mcu.externaltools.gnu-tools-for-stm32.9-2020-q2-update.macos64_2.0.0.202105311346/tools/bin/../lib/gcc/arm-none-eabi/9.3.1/../../../../arm-none-eabi/lib/thumb/v7-m/nofp/libnosys.a
END GROUP
START GROUP
LOAD /Applications/STM32CubeIDE.app/Contents/Eclipse/plugins/com.st.stm32cube.ide.mcu.externaltools.gnu-tools-for-stm32.9-2020-q2-update.macos64_2.0.0.202105311346/tools/bin/../lib/gcc/arm-none-eabi/9.3.1/thumb/v7-m/nofp/libgcc.a
LOAD /Applications/STM32CubeIDE.app/Contents/Eclipse/plugins/com.st.stm32cube.ide.mcu.externaltools.gnu-tools-for-stm32.9-2020-q2-update.macos64_2.0.0.202105311346/tools/bin/../lib/gcc/arm-none-eabi/9.3.1/../../../../arm-none-eabi/lib/thumb/v7-m/nofp/libc_nano.a
LOAD /Applications/STM32CubeIDE.app/Contents/Eclipse/plugins/com.st.stm32cube.ide.mcu.externaltools.gnu-tools-for-stm32.9-2020-q2-update.macos64_2.0.0.202105311346/tools/bin/../lib/gcc/arm-none-eabi/9.3.1/../../../../arm-none-eabi/lib/thumb/v7-m/nofp/libnosys.a
END GROUP
LOAD /Applications/STM32CubeIDE.app/Contents/Eclipse/plugins/com.st.stm32cube.ide.mcu.externaltools.gnu-tools-for-stm32.9-2020-q2-update.macos64_2.0.0.202105311346/tools/bin/../lib/gcc/arm-none-eabi/9.3.1/thumb/v7-m/nofp/crtend.o
LOAD /Applications/STM32CubeIDE.app/Contents/Eclipse/plugins/com.st.stm32cube.ide.mcu.externaltools.gnu-tools-for-stm32.9-2020-q2-update.macos64_2.0.0.202105311346/tools/bin/../lib/gcc/arm-none-eabi/9.3.1/thumb/v7-m/nofp/crtn.o
                0x0000000020005000                _estack = (ORIGIN (RAM) + LENGTH (RAM))
                0x0000000000000200                _Min_Heap_Size = 0x200
                0x0000000000000400                _Min_Stack_Size = 0x400

.isr_vector     0x0000000008000000      0x10c
                0x0000000008000000                . = ALIGN (0x4)
 *(.isr_vector)
 .isr_vector    0x0000000008000000      0x10c ./Core/Startup/startup_stm32f103c8tx.o
                0x0000000008000000                g_pfnVectors
                0x000000000800010c                . = ALIGN (0x4)

.text           0x000000000800010c     0x8cfc
                0x000000000800010c                . = ALIGN (0x4)
 *(.text)
 .text          0x000000000800010c       0x40 /Applications/STM32CubeIDE.app/Contents/Eclipse/plugins/com.st.stm32cube.ide.mcu.externaltools.gnu-tools-for-stm32.9-2020-q2-update.macos64_2.0.0.202105311346/tools/bin/../lib/gcc/arm-none-eabi/9.3.1/thumb/v7-m/nofp/crtbegin.o
 *(.text*)
 .text.SELECT   0x000000000800014c       0x20 ./Core/Src/fatfs_sd.o
 .text.DESELECT
                0x000000000800016c       0x20 ./Core/Src/fatfs_sd.o
 .text.SPI_TxByte
                0x000000000800018c       0x34 ./Core/Src/fatfs_sd.o
 .text.SPI_TxBuffer
                0x00000000080001c0       0x34 ./Core/Src/fatfs_sd.o
 .text.SPI_RxByte
                0x00000000080001f4       0x38 ./Core/Src/fatfs_sd.o
 .text.SPI_RxBytePtr
                0x000000000800022c       0x1c ./Core/Src/fatfs_sd.o
 .text.SD_ReadyWait
                0x0000000008000248       0x34 ./Core/Src/fatfs_sd.o
 .text.SD_PowerOn
                0x000000000800027c       0x84 ./Core/Src/fatfs_sd.o
 .text.SD_PowerOff
                0x0000000008000300       0x18 ./Core/Src/fatfs_sd.o
 .text.SD_CheckPower
                0x0000000008000318       0x14 ./Core/Src/fatfs_sd.o
 .text.SD_RxDataBlock
                0x000000000800032c       0x5c ./Core/Src/fatfs_sd.o
 .text.SD_TxDataBlock
                0x0000000008000388       0x86 ./Core/Src/fatfs_sd.o
 .text.SD_SendCmd
                0x000000000800040e       0xa8 ./Core/Src/fatfs_sd.o
 *fill*         0x00000000080004b6        0x2 
 .text.SD_disk_initialize
                0x00000000080004b8      0x1cc ./Core/Src/fatfs_sd.o
                0x00000000080004b8                SD_disk_initialize
 .text.SD_disk_status
                0x0000000008000684       0x28 ./Core/Src/fatfs_sd.o
                0x0000000008000684                SD_disk_status
 .text.SD_disk_read
                0x00000000080006ac       0xd4 ./Core/Src/fatfs_sd.o
                0x00000000080006ac                SD_disk_read
 .text.SD_disk_write
                0x0000000008000780      0x108 ./Core/Src/fatfs_sd.o
                0x0000000008000780                SD_disk_write
 .text.SD_disk_ioctl
                0x0000000008000888      0x258 ./Core/Src/fatfs_sd.o
                0x0000000008000888                SD_disk_ioctl
 .text.main     0x0000000008000ae0      0x1b8 ./Core/Src/main.o
                0x0000000008000ae0                main
 .text.SystemClock_Config
                0x0000000008000c98       0xb4 ./Core/Src/main.o
                0x0000000008000c98                SystemClock_Config
 .text.MX_ADC1_Init
                0x0000000008000d4c       0x7c ./Core/Src/main.o
 .text.MX_SPI2_Init
                0x0000000008000dc8       0x6c ./Core/Src/main.o
 .text.MX_TIM1_Init
                0x0000000008000e34      0x138 ./Core/Src/main.o
 .text.MX_USART1_UART_Init
                0x0000000008000f6c       0x54 ./Core/Src/main.o
 .text.MX_GPIO_Init
                0x0000000008000fc0       0xdc ./Core/Src/main.o
 .text.HAL_TIM_PeriodElapsedCallback
                0x000000000800109c       0x2c ./Core/Src/main.o
                0x000000000800109c                HAL_TIM_PeriodElapsedCallback
 .text.Error_Handler
                0x00000000080010c8        0xa ./Core/Src/main.o
                0x00000000080010c8                Error_Handler
 *fill*         0x00000000080010d2        0x2 
 .text.HAL_MspInit
                0x00000000080010d4       0x64 ./Core/Src/stm32f1xx_hal_msp.o
                0x00000000080010d4                HAL_MspInit
 .text.HAL_ADC_MspInit
                0x0000000008001138       0x78 ./Core/Src/stm32f1xx_hal_msp.o
                0x0000000008001138                HAL_ADC_MspInit
 .text.HAL_SPI_MspInit
                0x00000000080011b0       0x98 ./Core/Src/stm32f1xx_hal_msp.o
                0x00000000080011b0                HAL_SPI_MspInit
 .text.HAL_TIM_Base_MspInit
                0x0000000008001248       0x4c ./Core/Src/stm32f1xx_hal_msp.o
                0x0000000008001248                HAL_TIM_Base_MspInit
 .text.HAL_UART_MspInit
                0x0000000008001294       0xa8 ./Core/Src/stm32f1xx_hal_msp.o
                0x0000000008001294                HAL_UART_MspInit
 .text.NMI_Handler
                0x000000000800133c        0x6 ./Core/Src/stm32f1xx_it.o
                0x000000000800133c                NMI_Handler
 .text.HardFault_Handler
                0x0000000008001342        0x6 ./Core/Src/stm32f1xx_it.o
                0x0000000008001342                HardFault_Handler
 .text.MemManage_Handler
                0x0000000008001348        0x6 ./Core/Src/stm32f1xx_it.o
                0x0000000008001348                MemManage_Handler
 .text.BusFault_Handler
                0x000000000800134e        0x6 ./Core/Src/stm32f1xx_it.o
                0x000000000800134e                BusFault_Handler
 .text.UsageFault_Handler
                0x0000000008001354        0x6 ./Core/Src/stm32f1xx_it.o
                0x0000000008001354                UsageFault_Handler
 .text.SVC_Handler
                0x000000000800135a        0xc ./Core/Src/stm32f1xx_it.o
                0x000000000800135a                SVC_Handler
 .text.DebugMon_Handler
                0x0000000008001366        0xc ./Core/Src/stm32f1xx_it.o
                0x0000000008001366                DebugMon_Handler
 .text.PendSV_Handler
                0x0000000008001372        0xc ./Core/Src/stm32f1xx_it.o
                0x0000000008001372                PendSV_Handler
 *fill*         0x000000000800137e        0x2 
 .text.SysTick_Handler
                0x0000000008001380       0x3c ./Core/Src/stm32f1xx_it.o
                0x0000000008001380                SysTick_Handler
 .text.TIM1_UP_IRQHandler
                0x00000000080013bc       0x14 ./Core/Src/stm32f1xx_it.o
                0x00000000080013bc                TIM1_UP_IRQHandler
 .text.USART1_IRQHandler
                0x00000000080013d0       0x14 ./Core/Src/stm32f1xx_it.o
                0x00000000080013d0                USART1_IRQHandler
 .text.SystemInit
                0x00000000080013e4        0xc ./Core/Src/system_stm32f1xx.o
                0x00000000080013e4                SystemInit
 .text.Reset_Handler
                0x00000000080013f0       0x48 ./Core/Startup/startup_stm32f103c8tx.o
                0x00000000080013f0                Reset_Handler
 .text.Default_Handler
                0x0000000008001438        0x2 ./Core/Startup/startup_stm32f103c8tx.o
                0x0000000008001438                USBWakeUp_IRQHandler
                0x0000000008001438                EXTI2_IRQHandler
                0x0000000008001438                TIM1_CC_IRQHandler
                0x0000000008001438                PVD_IRQHandler
                0x0000000008001438                EXTI3_IRQHandler
                0x0000000008001438                EXTI0_IRQHandler
                0x0000000008001438                I2C2_EV_IRQHandler
                0x0000000008001438                ADC1_2_IRQHandler
                0x0000000008001438                SPI1_IRQHandler
                0x0000000008001438                TAMPER_IRQHandler
                0x0000000008001438                DMA1_Channel4_IRQHandler
                0x0000000008001438                USART3_IRQHandler
                0x0000000008001438                RTC_IRQHandler
                0x0000000008001438                DMA1_Channel7_IRQHandler
                0x0000000008001438                CAN1_RX1_IRQHandler
                0x0000000008001438                TIM4_IRQHandler
                0x0000000008001438                I2C1_EV_IRQHandler
                0x0000000008001438                DMA1_Channel6_IRQHandler
                0x0000000008001438                TIM3_IRQHandler
                0x0000000008001438                RCC_IRQHandler
                0x0000000008001438                TIM1_TRG_COM_IRQHandler
                0x0000000008001438                DMA1_Channel1_IRQHandler
                0x0000000008001438                Default_Handler
                0x0000000008001438                EXTI15_10_IRQHandler
                0x0000000008001438                EXTI9_5_IRQHandler
                0x0000000008001438                SPI2_IRQHandler
                0x0000000008001438                DMA1_Channel5_IRQHandler
                0x0000000008001438                EXTI4_IRQHandler
                0x0000000008001438                USB_LP_CAN1_RX0_IRQHandler
                0x0000000008001438                USB_HP_CAN1_TX_IRQHandler
                0x0000000008001438                DMA1_Channel3_IRQHandler
                0x0000000008001438                WWDG_IRQHandler
                0x0000000008001438                TIM2_IRQHandler
                0x0000000008001438                TIM1_BRK_IRQHandler
                0x0000000008001438                EXTI1_IRQHandler
                0x0000000008001438                USART2_IRQHandler
                0x0000000008001438                I2C2_ER_IRQHandler
                0x0000000008001438                DMA1_Channel2_IRQHandler
                0x0000000008001438                CAN1_SCE_IRQHandler
                0x0000000008001438                FLASH_IRQHandler
                0x0000000008001438                I2C1_ER_IRQHandler
                0x0000000008001438                RTC_Alarm_IRQHandler
 *fill*         0x000000000800143a        0x2 
 .text.HAL_Init
                0x000000000800143c       0x2c ./Drivers/STM32F1xx_HAL_Driver/Src/stm32f1xx_hal.o
                0x000000000800143c                HAL_Init
 .text.HAL_InitTick
                0x0000000008001468       0x60 ./Drivers/STM32F1xx_HAL_Driver/Src/stm32f1xx_hal.o
                0x0000000008001468                HAL_InitTick
 .text.HAL_IncTick
                0x00000000080014c8       0x24 ./Drivers/STM32F1xx_HAL_Driver/Src/stm32f1xx_hal.o
                0x00000000080014c8                HAL_IncTick
 .text.HAL_GetTick
                0x00000000080014ec       0x14 ./Drivers/STM32F1xx_HAL_Driver/Src/stm32f1xx_hal.o
                0x00000000080014ec                HAL_GetTick
 .text.HAL_Delay
                0x0000000008001500       0x48 ./Drivers/STM32F1xx_HAL_Driver/Src/stm32f1xx_hal.o
                0x0000000008001500                HAL_Delay
 .text.HAL_ADC_Init
                0x0000000008001548      0x1b0 ./Drivers/STM32F1xx_HAL_Driver/Src/stm32f1xx_hal_adc.o
                0x0000000008001548                HAL_ADC_Init
 .text.HAL_ADC_Start
                0x00000000080016f8      0x15c ./Drivers/STM32F1xx_HAL_Driver/Src/stm32f1xx_hal_adc.o
                0x00000000080016f8                HAL_ADC_Start
 .text.HAL_ADC_GetValue
                0x0000000008001854       0x18 ./Drivers/STM32F1xx_HAL_Driver/Src/stm32f1xx_hal_adc.o
                0x0000000008001854                HAL_ADC_GetValue
 .text.HAL_ADC_ConfigChannel
                0x000000000800186c      0x1f0 ./Drivers/STM32F1xx_HAL_Driver/Src/stm32f1xx_hal_adc.o
                0x000000000800186c                HAL_ADC_ConfigChannel
 .text.ADC_Enable
                0x0000000008001a5c       0xb4 ./Drivers/STM32F1xx_HAL_Driver/Src/stm32f1xx_hal_adc.o
                0x0000000008001a5c                ADC_Enable
 .text.ADC_ConversionStop_Disable
                0x0000000008001b10       0x82 ./Drivers/STM32F1xx_HAL_Driver/Src/stm32f1xx_hal_adc.o
                0x0000000008001b10                ADC_ConversionStop_Disable
 *fill*         0x0000000008001b92        0x2 
 .text.__NVIC_SetPriorityGrouping
                0x0000000008001b94       0x48 ./Drivers/STM32F1xx_HAL_Driver/Src/stm32f1xx_hal_cortex.o
 .text.__NVIC_GetPriorityGrouping
                0x0000000008001bdc       0x1c ./Drivers/STM32F1xx_HAL_Driver/Src/stm32f1xx_hal_cortex.o
 .text.__NVIC_EnableIRQ
                0x0000000008001bf8       0x38 ./Drivers/STM32F1xx_HAL_Driver/Src/stm32f1xx_hal_cortex.o
 .text.__NVIC_SetPriority
                0x0000000008001c30       0x54 ./Drivers/STM32F1xx_HAL_Driver/Src/stm32f1xx_hal_cortex.o
 .text.NVIC_EncodePriority
                0x0000000008001c84       0x64 ./Drivers/STM32F1xx_HAL_Driver/Src/stm32f1xx_hal_cortex.o
 .text.SysTick_Config
                0x0000000008001ce8       0x44 ./Drivers/STM32F1xx_HAL_Driver/Src/stm32f1xx_hal_cortex.o
 .text.HAL_NVIC_SetPriorityGrouping
                0x0000000008001d2c       0x16 ./Drivers/STM32F1xx_HAL_Driver/Src/stm32f1xx_hal_cortex.o
                0x0000000008001d2c                HAL_NVIC_SetPriorityGrouping
 .text.HAL_NVIC_SetPriority
                0x0000000008001d42       0x38 ./Drivers/STM32F1xx_HAL_Driver/Src/stm32f1xx_hal_cortex.o
                0x0000000008001d42                HAL_NVIC_SetPriority
 .text.HAL_NVIC_EnableIRQ
                0x0000000008001d7a       0x1c ./Drivers/STM32F1xx_HAL_Driver/Src/stm32f1xx_hal_cortex.o
                0x0000000008001d7a                HAL_NVIC_EnableIRQ
 .text.HAL_SYSTICK_Config
                0x0000000008001d96       0x18 ./Drivers/STM32F1xx_HAL_Driver/Src/stm32f1xx_hal_cortex.o
                0x0000000008001d96                HAL_SYSTICK_Config
 .text.HAL_DMA_Abort
                0x0000000008001dae       0x74 ./Drivers/STM32F1xx_HAL_Driver/Src/stm32f1xx_hal_dma.o
                0x0000000008001dae                HAL_DMA_Abort
 *fill*         0x0000000008001e22        0x2 
 .text.HAL_DMA_Abort_IT
                0x0000000008001e24       0xec ./Drivers/STM32F1xx_HAL_Driver/Src/stm32f1xx_hal_dma.o
                0x0000000008001e24                HAL_DMA_Abort_IT
 .text.HAL_GPIO_Init
                0x0000000008001f10      0x308 ./Drivers/STM32F1xx_HAL_Driver/Src/stm32f1xx_hal_gpio.o
                0x0000000008001f10                HAL_GPIO_Init
 .text.HAL_GPIO_WritePin
                0x0000000008002218       0x30 ./Drivers/STM32F1xx_HAL_Driver/Src/stm32f1xx_hal_gpio.o
                0x0000000008002218                HAL_GPIO_WritePin
 .text.HAL_GPIO_TogglePin
                0x0000000008002248       0x32 ./Drivers/STM32F1xx_HAL_Driver/Src/stm32f1xx_hal_gpio.o
                0x0000000008002248                HAL_GPIO_TogglePin
 *fill*         0x000000000800227a        0x2 
 .text.HAL_RCC_OscConfig
                0x000000000800227c      0x500 ./Drivers/STM32F1xx_HAL_Driver/Src/stm32f1xx_hal_rcc.o
                0x000000000800227c                HAL_RCC_OscConfig
 .text.HAL_RCC_ClockConfig
                0x000000000800277c      0x1d4 ./Drivers/STM32F1xx_HAL_Driver/Src/stm32f1xx_hal_rcc.o
                0x000000000800277c                HAL_RCC_ClockConfig
 .text.HAL_RCC_GetSysClockFreq
                0x0000000008002950       0xc0 ./Drivers/STM32F1xx_HAL_Driver/Src/stm32f1xx_hal_rcc.o
                0x0000000008002950                HAL_RCC_GetSysClockFreq
 .text.HAL_RCC_GetHCLKFreq
                0x0000000008002a10       0x14 ./Drivers/STM32F1xx_HAL_Driver/Src/stm32f1xx_hal_rcc.o
                0x0000000008002a10                HAL_RCC_GetHCLKFreq
 .text.HAL_RCC_GetPCLK1Freq
                0x0000000008002a24       0x28 ./Drivers/STM32F1xx_HAL_Driver/Src/stm32f1xx_hal_rcc.o
                0x0000000008002a24                HAL_RCC_GetPCLK1Freq
 .text.HAL_RCC_GetPCLK2Freq
                0x0000000008002a4c       0x28 ./Drivers/STM32F1xx_HAL_Driver/Src/stm32f1xx_hal_rcc.o
                0x0000000008002a4c                HAL_RCC_GetPCLK2Freq
 .text.RCC_Delay
                0x0000000008002a74       0x3c ./Drivers/STM32F1xx_HAL_Driver/Src/stm32f1xx_hal_rcc.o
 .text.HAL_RCCEx_PeriphCLKConfig
                0x0000000008002ab0      0x16c ./Drivers/STM32F1xx_HAL_Driver/Src/stm32f1xx_hal_rcc_ex.o
                0x0000000008002ab0                HAL_RCCEx_PeriphCLKConfig
 .text.HAL_SPI_Init
                0x0000000008002c1c      0x108 ./Drivers/STM32F1xx_HAL_Driver/Src/stm32f1xx_hal_spi.o
                0x0000000008002c1c                HAL_SPI_Init
 .text.HAL_SPI_Transmit
                0x0000000008002d24      0x278 ./Drivers/STM32F1xx_HAL_Driver/Src/stm32f1xx_hal_spi.o
                0x0000000008002d24                HAL_SPI_Transmit
 .text.HAL_SPI_TransmitReceive
                0x0000000008002f9c      0x344 ./Drivers/STM32F1xx_HAL_Driver/Src/stm32f1xx_hal_spi.o
                0x0000000008002f9c                HAL_SPI_TransmitReceive
 .text.SPI_WaitFlagStateUntilTimeout
                0x00000000080032e0      0x110 ./Drivers/STM32F1xx_HAL_Driver/Src/stm32f1xx_hal_spi.o
 .text.SPI_EndRxTxTransaction
                0x00000000080033f0       0x3c ./Drivers/STM32F1xx_HAL_Driver/Src/stm32f1xx_hal_spi.o
 .text.HAL_TIM_Base_Init
                0x000000000800342c       0x9e ./Drivers/STM32F1xx_HAL_Driver/Src/stm32f1xx_hal_tim.o
                0x000000000800342c                HAL_TIM_Base_Init
 *fill*         0x00000000080034ca        0x2 
 .text.HAL_TIM_Base_Start_IT
                0x00000000080034cc       0xa4 ./Drivers/STM32F1xx_HAL_Driver/Src/stm32f1xx_hal_tim.o
                0x00000000080034cc                HAL_TIM_Base_Start_IT
 .text.HAL_TIM_OC_Init
                0x0000000008003570       0x9e ./Drivers/STM32F1xx_HAL_Driver/Src/stm32f1xx_hal_tim.o
                0x0000000008003570                HAL_TIM_OC_Init
 .text.HAL_TIM_OC_MspInit
                0x000000000800360e       0x12 ./Drivers/STM32F1xx_HAL_Driver/Src/stm32f1xx_hal_tim.o
                0x000000000800360e                HAL_TIM_OC_MspInit
 .text.HAL_TIM_IRQHandler
                0x0000000008003620      0x210 ./Drivers/STM32F1xx_HAL_Driver/Src/stm32f1xx_hal_tim.o
                0x0000000008003620                HAL_TIM_IRQHandler
 .text.HAL_TIM_OC_ConfigChannel
                0x0000000008003830       0xb0 ./Drivers/STM32F1xx_HAL_Driver/Src/stm32f1xx_hal_tim.o
                0x0000000008003830                HAL_TIM_OC_ConfigChannel
 .text.HAL_TIM_ConfigClockSource
                0x00000000080038e0      0x188 ./Drivers/STM32F1xx_HAL_Driver/Src/stm32f1xx_hal_tim.o
                0x00000000080038e0                HAL_TIM_ConfigClockSource
 .text.HAL_TIM_OC_DelayElapsedCallback
                0x0000000008003a68       0x12 ./Drivers/STM32F1xx_HAL_Driver/Src/stm32f1xx_hal_tim.o
                0x0000000008003a68                HAL_TIM_OC_DelayElapsedCallback
 .text.HAL_TIM_IC_CaptureCallback
                0x0000000008003a7a       0x12 ./Drivers/STM32F1xx_HAL_Driver/Src/stm32f1xx_hal_tim.o
                0x0000000008003a7a                HAL_TIM_IC_CaptureCallback
 .text.HAL_TIM_PWM_PulseFinishedCallback
                0x0000000008003a8c       0x12 ./Drivers/STM32F1xx_HAL_Driver/Src/stm32f1xx_hal_tim.o
                0x0000000008003a8c                HAL_TIM_PWM_PulseFinishedCallback
 .text.HAL_TIM_TriggerCallback
                0x0000000008003a9e       0x12 ./Drivers/STM32F1xx_HAL_Driver/Src/stm32f1xx_hal_tim.o
                0x0000000008003a9e                HAL_TIM_TriggerCallback
 .text.TIM_Base_SetConfig
                0x0000000008003ab0       0xc4 ./Drivers/STM32F1xx_HAL_Driver/Src/stm32f1xx_hal_tim.o
                0x0000000008003ab0                TIM_Base_SetConfig
 .text.TIM_OC1_SetConfig
                0x0000000008003b74       0xcc ./Drivers/STM32F1xx_HAL_Driver/Src/stm32f1xx_hal_tim.o
 .text.TIM_OC2_SetConfig
                0x0000000008003c40       0xd4 ./Drivers/STM32F1xx_HAL_Driver/Src/stm32f1xx_hal_tim.o
                0x0000000008003c40                TIM_OC2_SetConfig
 .text.TIM_OC3_SetConfig
                0x0000000008003d14       0xd4 ./Drivers/STM32F1xx_HAL_Driver/Src/stm32f1xx_hal_tim.o
 .text.TIM_OC4_SetConfig
                0x0000000008003de8       0x9c ./Drivers/STM32F1xx_HAL_Driver/Src/stm32f1xx_hal_tim.o
 .text.TIM_TI1_ConfigInputStage
                0x0000000008003e84       0x5c ./Drivers/STM32F1xx_HAL_Driver/Src/stm32f1xx_hal_tim.o
 .text.TIM_TI2_ConfigInputStage
                0x0000000008003ee0       0x5e ./Drivers/STM32F1xx_HAL_Driver/Src/stm32f1xx_hal_tim.o
 .text.TIM_ITRx_SetConfig
                0x0000000008003f3e       0x34 ./Drivers/STM32F1xx_HAL_Driver/Src/stm32f1xx_hal_tim.o
 .text.TIM_ETR_SetConfig
                0x0000000008003f72       0x3e ./Drivers/STM32F1xx_HAL_Driver/Src/stm32f1xx_hal_tim.o
                0x0000000008003f72                TIM_ETR_SetConfig
 .text.HAL_TIMEx_MasterConfigSynchronization
                0x0000000008003fb0       0xbc ./Drivers/STM32F1xx_HAL_Driver/Src/stm32f1xx_hal_tim_ex.o
                0x0000000008003fb0                HAL_TIMEx_MasterConfigSynchronization
 .text.HAL_TIMEx_ConfigBreakDeadTime
                0x000000000800406c       0xa2 ./Drivers/STM32F1xx_HAL_Driver/Src/stm32f1xx_hal_tim_ex.o
                0x000000000800406c                HAL_TIMEx_ConfigBreakDeadTime
 .text.HAL_TIMEx_CommutCallback
                0x000000000800410e       0x12 ./Drivers/STM32F1xx_HAL_Driver/Src/stm32f1xx_hal_tim_ex.o
                0x000000000800410e                HAL_TIMEx_CommutCallback
 .text.HAL_TIMEx_BreakCallback
                0x0000000008004120       0x12 ./Drivers/STM32F1xx_HAL_Driver/Src/stm32f1xx_hal_tim_ex.o
                0x0000000008004120                HAL_TIMEx_BreakCallback
 .text.HAL_UART_Init
                0x0000000008004132       0x9a ./Drivers/STM32F1xx_HAL_Driver/Src/stm32f1xx_hal_uart.o
                0x0000000008004132                HAL_UART_Init
 .text.HAL_UART_Transmit
                0x00000000080041cc      0x124 ./Drivers/STM32F1xx_HAL_Driver/Src/stm32f1xx_hal_uart.o
                0x00000000080041cc                HAL_UART_Transmit
 .text.HAL_UART_IRQHandler
                0x00000000080042f0      0x354 ./Drivers/STM32F1xx_HAL_Driver/Src/stm32f1xx_hal_uart.o
                0x00000000080042f0                HAL_UART_IRQHandler
 .text.HAL_UART_TxCpltCallback
                0x0000000008004644       0x12 ./Drivers/STM32F1xx_HAL_Driver/Src/stm32f1xx_hal_uart.o
                0x0000000008004644                HAL_UART_TxCpltCallback
 .text.HAL_UART_RxCpltCallback
                0x0000000008004656       0x12 ./Drivers/STM32F1xx_HAL_Driver/Src/stm32f1xx_hal_uart.o
                0x0000000008004656                HAL_UART_RxCpltCallback
 .text.HAL_UART_ErrorCallback
                0x0000000008004668       0x12 ./Drivers/STM32F1xx_HAL_Driver/Src/stm32f1xx_hal_uart.o
                0x0000000008004668                HAL_UART_ErrorCallback
 .text.HAL_UARTEx_RxEventCallback
                0x000000000800467a       0x16 ./Drivers/STM32F1xx_HAL_Driver/Src/stm32f1xx_hal_uart.o
                0x000000000800467a                HAL_UARTEx_RxEventCallback
 .text.UART_WaitOnFlagUntilTimeout
                0x0000000008004690       0x94 ./Drivers/STM32F1xx_HAL_Driver/Src/stm32f1xx_hal_uart.o
 .text.UART_EndRxTransfer
                0x0000000008004724       0x58 ./Drivers/STM32F1xx_HAL_Driver/Src/stm32f1xx_hal_uart.o
 .text.UART_DMAAbortOnError
                0x000000000800477c       0x28 ./Drivers/STM32F1xx_HAL_Driver/Src/stm32f1xx_hal_uart.o
 .text.UART_Transmit_IT
                0x00000000080047a4       0x9e ./Drivers/STM32F1xx_HAL_Driver/Src/stm32f1xx_hal_uart.o
 .text.UART_EndTransmit_IT
                0x0000000008004842       0x30 ./Drivers/STM32F1xx_HAL_Driver/Src/stm32f1xx_hal_uart.o
 .text.UART_Receive_IT
                0x0000000008004872      0x152 ./Drivers/STM32F1xx_HAL_Driver/Src/stm32f1xx_hal_uart.o
 .text.UART_SetConfig
                0x00000000080049c4      0x11c ./Drivers/STM32F1xx_HAL_Driver/Src/stm32f1xx_hal_uart.o
 .text.MX_FATFS_Init
                0x0000000008004ae0       0x24 ./FATFS/App/fatfs.o
                0x0000000008004ae0                MX_FATFS_Init
 .text.get_fattime
                0x0000000008004b04        0xe ./FATFS/App/fatfs.o
                0x0000000008004b04                get_fattime
 .text.USER_initialize
                0x0000000008004b12       0x1e ./FATFS/Target/user_diskio.o
                0x0000000008004b12                USER_initialize
 .text.USER_status
                0x0000000008004b30       0x1e ./FATFS/Target/user_diskio.o
                0x0000000008004b30                USER_status
 .text.USER_read
                0x0000000008004b4e       0x28 ./FATFS/Target/user_diskio.o
                0x0000000008004b4e                USER_read
 .text.USER_write
                0x0000000008004b76       0x28 ./FATFS/Target/user_diskio.o
                0x0000000008004b76                USER_write
 .text.USER_ioctl
                0x0000000008004b9e       0x28 ./FATFS/Target/user_diskio.o
                0x0000000008004b9e                USER_ioctl
 *fill*         0x0000000008004bc6        0x2 
 .text.disk_status
                0x0000000008004bc8       0x34 ./Middlewares/Third_Party/FatFs/src/diskio.o
                0x0000000008004bc8                disk_status
 .text.disk_initialize
                0x0000000008004bfc       0x4c ./Middlewares/Third_Party/FatFs/src/diskio.o
                0x0000000008004bfc                disk_initialize
 .text.disk_read
                0x0000000008004c48       0x40 ./Middlewares/Third_Party/FatFs/src/diskio.o
                0x0000000008004c48                disk_read
 .text.disk_write
                0x0000000008004c88       0x40 ./Middlewares/Third_Party/FatFs/src/diskio.o
                0x0000000008004c88                disk_write
 .text.disk_ioctl
                0x0000000008004cc8       0x3c ./Middlewares/Third_Party/FatFs/src/diskio.o
                0x0000000008004cc8                disk_ioctl
 .text.mem_cpy  0x0000000008004d04       0x3c ./Middlewares/Third_Party/FatFs/src/ff.o
 .text.mem_set  0x0000000008004d40       0x34 ./Middlewares/Third_Party/FatFs/src/ff.o
 .text.mem_cmp  0x0000000008004d74       0x4c ./Middlewares/Third_Party/FatFs/src/ff.o
 .text.chk_chr  0x0000000008004dc0       0x34 ./Middlewares/Third_Party/FatFs/src/ff.o
 .text.chk_lock
                0x0000000008004df4       0xe4 ./Middlewares/Third_Party/FatFs/src/ff.o
 .text.enq_lock
                0x0000000008004ed8       0x48 ./Middlewares/Third_Party/FatFs/src/ff.o
 .text.inc_lock
                0x0000000008004f20      0x180 ./Middlewares/Third_Party/FatFs/src/ff.o
 .text.dec_lock
                0x00000000080050a0       0x88 ./Middlewares/Third_Party/FatFs/src/ff.o
 .text.clear_lock
                0x0000000008005128       0x54 ./Middlewares/Third_Party/FatFs/src/ff.o
 .text.sync_window
                0x000000000800517c       0xb4 ./Middlewares/Third_Party/FatFs/src/ff.o
 .text.move_window
                0x0000000008005230       0x68 ./Middlewares/Third_Party/FatFs/src/ff.o
 .text.sync_fs  0x0000000008005298      0x19e ./Middlewares/Third_Party/FatFs/src/ff.o
 .text.clust2sect
                0x0000000008005436       0x4e ./Middlewares/Third_Party/FatFs/src/ff.o
                0x0000000008005436                clust2sect
 .text.get_fat  0x0000000008005484      0x20a ./Middlewares/Third_Party/FatFs/src/ff.o
                0x0000000008005484                get_fat
 .text.put_fat  0x000000000800568e      0x2c0 ./Middlewares/Third_Party/FatFs/src/ff.o
                0x000000000800568e                put_fat
 .text.remove_chain
                0x000000000800594e       0xd0 ./Middlewares/Third_Party/FatFs/src/ff.o
 .text.create_chain
                0x0000000008005a1e      0x162 ./Middlewares/Third_Party/FatFs/src/ff.o
 .text.clmt_clust
                0x0000000008005b80       0x86 ./Middlewares/Third_Party/FatFs/src/ff.o
 .text.dir_sdi  0x0000000008005c06      0x1b6 ./Middlewares/Third_Party/FatFs/src/ff.o
 .text.dir_next
                0x0000000008005dbc      0x2c4 ./Middlewares/Third_Party/FatFs/src/ff.o
 .text.dir_alloc
                0x0000000008006080       0xa2 ./Middlewares/Third_Party/FatFs/src/ff.o
 .text.ld_clust
                0x0000000008006122       0x5c ./Middlewares/Third_Party/FatFs/src/ff.o
 .text.st_clust
                0x000000000800617e       0x4c ./Middlewares/Third_Party/FatFs/src/ff.o
 *fill*         0x00000000080061ca        0x2 
 .text.cmp_lfn  0x00000000080061cc       0xdc ./Middlewares/Third_Party/FatFs/src/ff.o
 .text.fit_lfn  0x00000000080062a8       0xe8 ./Middlewares/Third_Party/FatFs/src/ff.o
 .text.gen_numname
                0x0000000008006390      0x120 ./Middlewares/Third_Party/FatFs/src/ff.o
 .text.sum_sfn  0x00000000080064b0       0x40 ./Middlewares/Third_Party/FatFs/src/ff.o
 .text.dir_find
                0x00000000080064f0      0x1aa ./Middlewares/Third_Party/FatFs/src/ff.o
 *fill*         0x000000000800669a        0x2 
 .text.dir_register
                0x000000000800669c      0x260 ./Middlewares/Third_Party/FatFs/src/ff.o
 .text.create_name
                0x00000000080068fc      0x384 ./Middlewares/Third_Party/FatFs/src/ff.o
 .text.follow_path
                0x0000000008006c80       0xf2 ./Middlewares/Third_Party/FatFs/src/ff.o
 .text.get_ldnumber
                0x0000000008006d72       0x86 ./Middlewares/Third_Party/FatFs/src/ff.o
 .text.check_fs
                0x0000000008006df8       0xdc ./Middlewares/Third_Party/FatFs/src/ff.o
 .text.find_volume
                0x0000000008006ed4      0x6b8 ./Middlewares/Third_Party/FatFs/src/ff.o
 .text.validate
                0x000000000800758c       0x7c ./Middlewares/Third_Party/FatFs/src/ff.o
 .text.f_mount  0x0000000008007608       0x94 ./Middlewares/Third_Party/FatFs/src/ff.o
                0x0000000008007608                f_mount
 .text.f_open   0x000000000800769c      0x674 ./Middlewares/Third_Party/FatFs/src/ff.o
                0x000000000800769c                f_open
 .text.f_write  0x0000000008007d10      0x4e6 ./Middlewares/Third_Party/FatFs/src/ff.o
                0x0000000008007d10                f_write
 .text.f_sync   0x00000000080081f6      0x1bc ./Middlewares/Third_Party/FatFs/src/ff.o
                0x00000000080081f6                f_sync
 .text.f_close  0x00000000080083b2       0x56 ./Middlewares/Third_Party/FatFs/src/ff.o
                0x00000000080083b2                f_close
 .text.f_lseek  0x0000000008008408      0x668 ./Middlewares/Third_Party/FatFs/src/ff.o
                0x0000000008008408                f_lseek
 .text.putc_bfd
                0x0000000008008a70       0x7a ./Middlewares/Third_Party/FatFs/src/ff.o
 .text.f_puts   0x0000000008008aea       0x72 ./Middlewares/Third_Party/FatFs/src/ff.o
                0x0000000008008aea                f_puts
 .text.FATFS_LinkDriverEx
                0x0000000008008b5c       0x94 ./Middlewares/Third_Party/FatFs/src/ff_gen_drv.o
                0x0000000008008b5c                FATFS_LinkDriverEx
 .text.FATFS_LinkDriver
                0x0000000008008bf0       0x1e ./Middlewares/Third_Party/FatFs/src/ff_gen_drv.o
                0x0000000008008bf0                FATFS_LinkDriver
 *fill*         0x0000000008008c0e        0x2 
 .text.ff_convert
                0x0000000008008c10       0x74 ./Middlewares/Third_Party/FatFs/src/option/ccsbcs.o
                0x0000000008008c10                ff_convert
 .text.ff_wtoupper
                0x0000000008008c84       0x5c ./Middlewares/Third_Party/FatFs/src/option/ccsbcs.o
                0x0000000008008c84                ff_wtoupper
 .text.__libc_init_array
                0x0000000008008ce0       0x48 /Applications/STM32CubeIDE.app/Contents/Eclipse/plugins/com.st.stm32cube.ide.mcu.externaltools.gnu-tools-for-stm32.9-2020-q2-update.macos64_2.0.0.202105311346/tools/bin/../lib/gcc/arm-none-eabi/9.3.1/../../../../arm-none-eabi/lib/thumb/v7-m/nofp/libc_nano.a(lib_a-init.o)
                0x0000000008008ce0                __libc_init_array
 .text.__itoa   0x0000000008008d28       0x30 /Applications/STM32CubeIDE.app/Contents/Eclipse/plugins/com.st.stm32cube.ide.mcu.externaltools.gnu-tools-for-stm32.9-2020-q2-update.macos64_2.0.0.202105311346/tools/bin/../lib/gcc/arm-none-eabi/9.3.1/../../../../arm-none-eabi/lib/thumb/v7-m/nofp/libc_nano.a(lib_a-itoa.o)
                0x0000000008008d28                __itoa
 .text.itoa     0x0000000008008d58        0x4 /Applications/STM32CubeIDE.app/Contents/Eclipse/plugins/com.st.stm32cube.ide.mcu.externaltools.gnu-tools-for-stm32.9-2020-q2-update.macos64_2.0.0.202105311346/tools/bin/../lib/gcc/arm-none-eabi/9.3.1/../../../../arm-none-eabi/lib/thumb/v7-m/nofp/libc_nano.a(lib_a-itoa.o)
                0x0000000008008d58                itoa
 .text.memset   0x0000000008008d5c       0x10 /Applications/STM32CubeIDE.app/Contents/Eclipse/plugins/com.st.stm32cube.ide.mcu.externaltools.gnu-tools-for-stm32.9-2020-q2-update.macos64_2.0.0.202105311346/tools/bin/../lib/gcc/arm-none-eabi/9.3.1/../../../../arm-none-eabi/lib/thumb/v7-m/nofp/libc_nano.a(lib_a-memset.o)
                0x0000000008008d5c                memset
 .text.__utoa   0x0000000008008d6c       0x84 /Applications/STM32CubeIDE.app/Contents/Eclipse/plugins/com.st.stm32cube.ide.mcu.externaltools.gnu-tools-for-stm32.9-2020-q2-update.macos64_2.0.0.202105311346/tools/bin/../lib/gcc/arm-none-eabi/9.3.1/../../../../arm-none-eabi/lib/thumb/v7-m/nofp/libc_nano.a(lib_a-utoa.o)
                0x0000000008008d6c                __utoa
 *(.glue_7)
 .glue_7        0x0000000008008df0        0x0 linker stubs
 *(.glue_7t)
 .glue_7t       0x0000000008008df0        0x0 linker stubs
 *(.eh_frame)
 .eh_frame      0x0000000008008df0        0x0 /Applications/STM32CubeIDE.app/Contents/Eclipse/plugins/com.st.stm32cube.ide.mcu.externaltools.gnu-tools-for-stm32.9-2020-q2-update.macos64_2.0.0.202105311346/tools/bin/../lib/gcc/arm-none-eabi/9.3.1/thumb/v7-m/nofp/crtbegin.o
 *(.init)
 .init          0x0000000008008df0        0x4 /Applications/STM32CubeIDE.app/Contents/Eclipse/plugins/com.st.stm32cube.ide.mcu.externaltools.gnu-tools-for-stm32.9-2020-q2-update.macos64_2.0.0.202105311346/tools/bin/../lib/gcc/arm-none-eabi/9.3.1/thumb/v7-m/nofp/crti.o
                0x0000000008008df0                _init
 .init          0x0000000008008df4        0x8 /Applications/STM32CubeIDE.app/Contents/Eclipse/plugins/com.st.stm32cube.ide.mcu.externaltools.gnu-tools-for-stm32.9-2020-q2-update.macos64_2.0.0.202105311346/tools/bin/../lib/gcc/arm-none-eabi/9.3.1/thumb/v7-m/nofp/crtn.o
 *(.fini)
 .fini          0x0000000008008dfc        0x4 /Applications/STM32CubeIDE.app/Contents/Eclipse/plugins/com.st.stm32cube.ide.mcu.externaltools.gnu-tools-for-stm32.9-2020-q2-update.macos64_2.0.0.202105311346/tools/bin/../lib/gcc/arm-none-eabi/9.3.1/thumb/v7-m/nofp/crti.o
                0x0000000008008dfc                _fini
 .fini          0x0000000008008e00        0x8 /Applications/STM32CubeIDE.app/Contents/Eclipse/plugins/com.st.stm32cube.ide.mcu.externaltools.gnu-tools-for-stm32.9-2020-q2-update.macos64_2.0.0.202105311346/tools/bin/../lib/gcc/arm-none-eabi/9.3.1/thumb/v7-m/nofp/crtn.o
                0x0000000008008e08                . = ALIGN (0x4)
                0x0000000008008e08                _etext = .

.vfp11_veneer   0x0000000008008e08        0x0
 .vfp11_veneer  0x0000000008008e08        0x0 linker stubs

.v4_bx          0x0000000008008e08        0x0
 .v4_bx         0x0000000008008e08        0x0 linker stubs

.iplt           0x0000000008008e08        0x0
 .iplt          0x0000000008008e08        0x0 /Applications/STM32CubeIDE.app/Contents/Eclipse/plugins/com.st.stm32cube.ide.mcu.externaltools.gnu-tools-for-stm32.9-2020-q2-update.macos64_2.0.0.202105311346/tools/bin/../lib/gcc/arm-none-eabi/9.3.1/thumb/v7-m/nofp/crtbegin.o

.rodata         0x0000000008008e08      0x688
                0x0000000008008e08                . = ALIGN (0x4)
 *(.rodata)
 .rodata        0x0000000008008e08       0x9f ./Core/Src/main.o
 *fill*         0x0000000008008ea7        0x1 
 .rodata        0x0000000008008ea8       0x10 ./Drivers/STM32F1xx_HAL_Driver/Src/stm32f1xx_hal_rcc.o
 .rodata        0x0000000008008eb8       0x48 ./Middlewares/Third_Party/FatFs/src/ff.o
 *(.rodata*)
 .rodata.AHBPrescTable
                0x0000000008008f00       0x10 ./Core/Src/system_stm32f1xx.o
                0x0000000008008f00                AHBPrescTable
 .rodata.APBPrescTable
                0x0000000008008f10        0x8 ./Core/Src/system_stm32f1xx.o
                0x0000000008008f10                APBPrescTable
 .rodata.ExCvt  0x0000000008008f18       0x80 ./Middlewares/Third_Party/FatFs/src/ff.o
 .rodata.LfnOfs
                0x0000000008008f98        0xd ./Middlewares/Third_Party/FatFs/src/ff.o
 *fill*         0x0000000008008fa5        0x3 
 .rodata.Tbl    0x0000000008008fa8      0x100 ./Middlewares/Third_Party/FatFs/src/option/ccsbcs.o
 .rodata.tbl_lower.6597
                0x00000000080090a8      0x1e0 ./Middlewares/Third_Party/FatFs/src/option/ccsbcs.o
 .rodata.tbl_upper.6598
                0x0000000008009288      0x1e0 ./Middlewares/Third_Party/FatFs/src/option/ccsbcs.o
 .rodata.__utoa.str1.1
                0x0000000008009468       0x25 /Applications/STM32CubeIDE.app/Contents/Eclipse/plugins/com.st.stm32cube.ide.mcu.externaltools.gnu-tools-for-stm32.9-2020-q2-update.macos64_2.0.0.202105311346/tools/bin/../lib/gcc/arm-none-eabi/9.3.1/../../../../arm-none-eabi/lib/thumb/v7-m/nofp/libc_nano.a(lib_a-utoa.o)
                0x0000000008009490                . = ALIGN (0x4)
 *fill*         0x000000000800948d        0x3 

.rel.dyn        0x0000000008009490        0x0
 .rel.iplt      0x0000000008009490        0x0 /Applications/STM32CubeIDE.app/Contents/Eclipse/plugins/com.st.stm32cube.ide.mcu.externaltools.gnu-tools-for-stm32.9-2020-q2-update.macos64_2.0.0.202105311346/tools/bin/../lib/gcc/arm-none-eabi/9.3.1/thumb/v7-m/nofp/crtbegin.o

.ARM.extab      0x0000000008009490        0x0
                0x0000000008009490                . = ALIGN (0x4)
 *(.ARM.extab* .gnu.linkonce.armextab.*)
                0x0000000008009490                . = ALIGN (0x4)

.ARM            0x0000000008009490        0x0
                0x0000000008009490                . = ALIGN (0x4)
                0x0000000008009490                __exidx_start = .
 *(.ARM.exidx*)
                0x0000000008009490                __exidx_end = .
                0x0000000008009490                . = ALIGN (0x4)

.preinit_array  0x0000000008009490        0x0
                0x0000000008009490                . = ALIGN (0x4)
                0x0000000008009490                PROVIDE (__preinit_array_start = .)
 *(.preinit_array*)
                0x0000000008009490                PROVIDE (__preinit_array_end = .)
                0x0000000008009490                . = ALIGN (0x4)

.init_array     0x0000000008009490        0x4
                0x0000000008009490                . = ALIGN (0x4)
                0x0000000008009490                PROVIDE (__init_array_start = .)
 *(SORT_BY_NAME(.init_array.*))
 *(.init_array*)
 .init_array    0x0000000008009490        0x4 /Applications/STM32CubeIDE.app/Contents/Eclipse/plugins/com.st.stm32cube.ide.mcu.externaltools.gnu-tools-for-stm32.9-2020-q2-update.macos64_2.0.0.202105311346/tools/bin/../lib/gcc/arm-none-eabi/9.3.1/thumb/v7-m/nofp/crtbegin.o
                0x0000000008009494                PROVIDE (__init_array_end = .)
                0x0000000008009494                . = ALIGN (0x4)

.fini_array     0x0000000008009494        0x4
                0x0000000008009494                . = ALIGN (0x4)
                [!provide]                        PROVIDE (__fini_array_start = .)
 *(SORT_BY_NAME(.fini_array.*))
 *(.fini_array*)
 .fini_array    0x0000000008009494        0x4 /Applications/STM32CubeIDE.app/Contents/Eclipse/plugins/com.st.stm32cube.ide.mcu.externaltools.gnu-tools-for-stm32.9-2020-q2-update.macos64_2.0.0.202105311346/tools/bin/../lib/gcc/arm-none-eabi/9.3.1/thumb/v7-m/nofp/crtbegin.o
                [!provide]                        PROVIDE (__fini_array_end = .)
                0x0000000008009498                . = ALIGN (0x4)
                0x0000000008009498                _sidata = LOADADDR (.data)

.data           0x0000000020000000       0x24 load address 0x0000000008009498
                0x0000000020000000                . = ALIGN (0x4)
                0x0000000020000000                _sdata = .
 *(.data)
 *(.data*)
 .data.Stat     0x0000000020000000        0x1 ./Core/Src/fatfs_sd.o
 *fill*         0x0000000020000001        0x3 
 .data.SystemCoreClock
                0x0000000020000004        0x4 ./Core/Src/system_stm32f1xx.o
                0x0000000020000004                SystemCoreClock
 .data.uwTickPrio
                0x0000000020000008        0x4 ./Drivers/STM32F1xx_HAL_Driver/Src/stm32f1xx_hal.o
                0x0000000020000008                uwTickPrio
 .data.uwTickFreq
                0x000000002000000c        0x1 ./Drivers/STM32F1xx_HAL_Driver/Src/stm32f1xx_hal.o
                0x000000002000000c                uwTickFreq
 *fill*         0x000000002000000d        0x3 
 .data.USER_Driver
                0x0000000020000010       0x14 ./FATFS/Target/user_diskio.o
                0x0000000020000010                USER_Driver
 *(.RamFunc)
 *(.RamFunc*)
                0x0000000020000024                . = ALIGN (0x4)
                0x0000000020000024                _edata = .

.igot.plt       0x0000000020000024        0x0 load address 0x00000000080094bc
 .igot.plt      0x0000000020000024        0x0 /Applications/STM32CubeIDE.app/Contents/Eclipse/plugins/com.st.stm32cube.ide.mcu.externaltools.gnu-tools-for-stm32.9-2020-q2-update.macos64_2.0.0.202105311346/tools/bin/../lib/gcc/arm-none-eabi/9.3.1/thumb/v7-m/nofp/crtbegin.o
                0x0000000020000024                . = ALIGN (0x4)

.bss            0x0000000020000024     0x4454 load address 0x00000000080094bc
                0x0000000020000024                _sbss = .
                0x0000000020000024                __bss_start__ = _sbss
 *(.bss)
 .bss           0x0000000020000024       0x1c /Applications/STM32CubeIDE.app/Contents/Eclipse/plugins/com.st.stm32cube.ide.mcu.externaltools.gnu-tools-for-stm32.9-2020-q2-update.macos64_2.0.0.202105311346/tools/bin/../lib/gcc/arm-none-eabi/9.3.1/thumb/v7-m/nofp/crtbegin.o
 *(.bss*)
 .bss.CardType  0x0000000020000040        0x1 ./Core/Src/fatfs_sd.o
 .bss.PowerFlag
                0x0000000020000041        0x1 ./Core/Src/fatfs_sd.o
 *fill*         0x0000000020000042        0x2 
 .bss.FatFs     0x0000000020000044        0x4 ./Middlewares/Third_Party/FatFs/src/ff.o
 .bss.Fsid      0x0000000020000048        0x2 ./Middlewares/Third_Party/FatFs/src/ff.o
 *fill*         0x000000002000004a        0x2 
 .bss.Files     0x000000002000004c       0x18 ./Middlewares/Third_Party/FatFs/src/ff.o
 .bss.LfnBuf    0x0000000020000064      0x200 ./Middlewares/Third_Party/FatFs/src/ff.o
 .bss.disk      0x0000000020000264        0xc ./Middlewares/Third_Party/FatFs/src/ff_gen_drv.o
                0x0000000020000264                disk
 *(COMMON)
 COMMON         0x0000000020000270        0x4 ./Core/Src/fatfs_sd.o
                0x0000000020000270                Timer2
                0x0000000020000272                Timer1
 COMMON         0x0000000020000274     0x219c ./Core/Src/main.o
                0x0000000020000274                hspi2
                0x00000000200002cc                fs
                0x00000000200012fc                wavheader
                0x0000000020001328                hadc1
                0x0000000020001358                huart1
                0x000000002000139c                htim1
                0x00000000200013e4                fil
 COMMON         0x0000000020002410        0x4 ./Drivers/STM32F1xx_HAL_Driver/Src/stm32f1xx_hal.o
                0x0000000020002410                uwTick
 COMMON         0x0000000020002414     0x2064 ./FATFS/App/fatfs.o
                0x0000000020002414                USERPath
                0x0000000020002418                retUSER
                0x000000002000241c                USERFile
                0x0000000020003448                USERFatFS
                0x0000000020004478                . = ALIGN (0x4)
                0x0000000020004478                _ebss = .
                0x0000000020004478                __bss_end__ = _ebss

._user_heap_stack
                0x0000000020004478      0x600 load address 0x00000000080094bc
                0x0000000020004478                . = ALIGN (0x8)
                [!provide]                        PROVIDE (end = .)
                0x0000000020004478                PROVIDE (_end = .)
                0x0000000020004678                . = (. + _Min_Heap_Size)
 *fill*         0x0000000020004478      0x200 
                0x0000000020004a78                . = (. + _Min_Stack_Size)
 *fill*         0x0000000020004678      0x400 
                0x0000000020004a78                . = ALIGN (0x8)

/DISCARD/
 libc.a(*)
 libm.a(*)
 libgcc.a(*)

.ARM.attributes
                0x0000000000000000       0x29
 *(.ARM.attributes)
 .ARM.attributes
                0x0000000000000000       0x1d /Applications/STM32CubeIDE.app/Contents/Eclipse/plugins/com.st.stm32cube.ide.mcu.externaltools.gnu-tools-for-stm32.9-2020-q2-update.macos64_2.0.0.202105311346/tools/bin/../lib/gcc/arm-none-eabi/9.3.1/thumb/v7-m/nofp/crti.o
 .ARM.attributes
                0x000000000000001d       0x2d /Applications/STM32CubeIDE.app/Contents/Eclipse/plugins/com.st.stm32cube.ide.mcu.externaltools.gnu-tools-for-stm32.9-2020-q2-update.macos64_2.0.0.202105311346/tools/bin/../lib/gcc/arm-none-eabi/9.3.1/thumb/v7-m/nofp/crtbegin.o
 .ARM.attributes
                0x000000000000004a       0x2d ./Core/Src/fatfs_sd.o
 .ARM.attributes
                0x0000000000000077       0x2d ./Core/Src/main.o
 .ARM.attributes
                0x00000000000000a4       0x2d ./Core/Src/stm32f1xx_hal_msp.o
 .ARM.attributes
                0x00000000000000d1       0x2d ./Core/Src/stm32f1xx_it.o
 .ARM.attributes
                0x00000000000000fe       0x2d ./Core/Src/system_stm32f1xx.o
 .ARM.attributes
                0x000000000000012b       0x21 ./Core/Startup/startup_stm32f103c8tx.o
 .ARM.attributes
                0x000000000000014c       0x2d ./Drivers/STM32F1xx_HAL_Driver/Src/stm32f1xx_hal.o
 .ARM.attributes
                0x0000000000000179       0x2d ./Drivers/STM32F1xx_HAL_Driver/Src/stm32f1xx_hal_adc.o
 .ARM.attributes
                0x00000000000001a6       0x2d ./Drivers/STM32F1xx_HAL_Driver/Src/stm32f1xx_hal_cortex.o
 .ARM.attributes
                0x00000000000001d3       0x2d ./Drivers/STM32F1xx_HAL_Driver/Src/stm32f1xx_hal_dma.o
 .ARM.attributes
                0x0000000000000200       0x2d ./Drivers/STM32F1xx_HAL_Driver/Src/stm32f1xx_hal_gpio.o
 .ARM.attributes
                0x000000000000022d       0x2d ./Drivers/STM32F1xx_HAL_Driver/Src/stm32f1xx_hal_rcc.o
 .ARM.attributes
                0x000000000000025a       0x2d ./Drivers/STM32F1xx_HAL_Driver/Src/stm32f1xx_hal_rcc_ex.o
 .ARM.attributes
                0x0000000000000287       0x2d ./Drivers/STM32F1xx_HAL_Driver/Src/stm32f1xx_hal_spi.o
 .ARM.attributes
                0x00000000000002b4       0x2d ./Drivers/STM32F1xx_HAL_Driver/Src/stm32f1xx_hal_tim.o
 .ARM.attributes
                0x00000000000002e1       0x2d ./Drivers/STM32F1xx_HAL_Driver/Src/stm32f1xx_hal_tim_ex.o
 .ARM.attributes
                0x000000000000030e       0x2d ./Drivers/STM32F1xx_HAL_Driver/Src/stm32f1xx_hal_uart.o
 .ARM.attributes
                0x000000000000033b       0x2d ./FATFS/App/fatfs.o
 .ARM.attributes
                0x0000000000000368       0x2d ./FATFS/Target/user_diskio.o
 .ARM.attributes
                0x0000000000000395       0x2d ./Middlewares/Third_Party/FatFs/src/diskio.o
 .ARM.attributes
                0x00000000000003c2       0x2d ./Middlewares/Third_Party/FatFs/src/ff.o
 .ARM.attributes
                0x00000000000003ef       0x2d ./Middlewares/Third_Party/FatFs/src/ff_gen_drv.o
 .ARM.attributes
                0x000000000000041c       0x2d ./Middlewares/Third_Party/FatFs/src/option/ccsbcs.o
 .ARM.attributes
                0x0000000000000449       0x2d /Applications/STM32CubeIDE.app/Contents/Eclipse/plugins/com.st.stm32cube.ide.mcu.externaltools.gnu-tools-for-stm32.9-2020-q2-update.macos64_2.0.0.202105311346/tools/bin/../lib/gcc/arm-none-eabi/9.3.1/../../../../arm-none-eabi/lib/thumb/v7-m/nofp/libc_nano.a(lib_a-init.o)
 .ARM.attributes
                0x0000000000000476       0x2d /Applications/STM32CubeIDE.app/Contents/Eclipse/plugins/com.st.stm32cube.ide.mcu.externaltools.gnu-tools-for-stm32.9-2020-q2-update.macos64_2.0.0.202105311346/tools/bin/../lib/gcc/arm-none-eabi/9.3.1/../../../../arm-none-eabi/lib/thumb/v7-m/nofp/libc_nano.a(lib_a-itoa.o)
 .ARM.attributes
                0x00000000000004a3       0x2d /Applications/STM32CubeIDE.app/Contents/Eclipse/plugins/com.st.stm32cube.ide.mcu.externaltools.gnu-tools-for-stm32.9-2020-q2-update.macos64_2.0.0.202105311346/tools/bin/../lib/gcc/arm-none-eabi/9.3.1/../../../../arm-none-eabi/lib/thumb/v7-m/nofp/libc_nano.a(lib_a-memset.o)
 .ARM.attributes
                0x00000000000004d0       0x2d /Applications/STM32CubeIDE.app/Contents/Eclipse/plugins/com.st.stm32cube.ide.mcu.externaltools.gnu-tools-for-stm32.9-2020-q2-update.macos64_2.0.0.202105311346/tools/bin/../lib/gcc/arm-none-eabi/9.3.1/../../../../arm-none-eabi/lib/thumb/v7-m/nofp/libc_nano.a(lib_a-utoa.o)
 .ARM.attributes
                0x00000000000004fd       0x1d /Applications/STM32CubeIDE.app/Contents/Eclipse/plugins/com.st.stm32cube.ide.mcu.externaltools.gnu-tools-for-stm32.9-2020-q2-update.macos64_2.0.0.202105311346/tools/bin/../lib/gcc/arm-none-eabi/9.3.1/thumb/v7-m/nofp/crtn.o
OUTPUT(Sound_Recorder.elf elf32-littlearm)
LOAD linker stubs
LOAD /Applications/STM32CubeIDE.app/Contents/Eclipse/plugins/com.st.stm32cube.ide.mcu.externaltools.gnu-tools-for-stm32.9-2020-q2-update.macos64_2.0.0.202105311346/tools/bin/../lib/gcc/arm-none-eabi/9.3.1/../../../../arm-none-eabi/lib/thumb/v7-m/nofp/libc.a
LOAD /Applications/STM32CubeIDE.app/Contents/Eclipse/plugins/com.st.stm32cube.ide.mcu.externaltools.gnu-tools-for-stm32.9-2020-q2-update.macos64_2.0.0.202105311346/tools/bin/../lib/gcc/arm-none-eabi/9.3.1/../../../../arm-none-eabi/lib/thumb/v7-m/nofp/libm.a
LOAD /Applications/STM32CubeIDE.app/Contents/Eclipse/plugins/com.st.stm32cube.ide.mcu.externaltools.gnu-tools-for-stm32.9-2020-q2-update.macos64_2.0.0.202105311346/tools/bin/../lib/gcc/arm-none-eabi/9.3.1/thumb/v7-m/nofp/libgcc.a

.debug_info     0x0000000000000000    0x144be
 .debug_info    0x0000000000000000      0xc57 ./Core/Src/fatfs_sd.o
 .debug_info    0x0000000000000c57     0x23d6 ./Core/Src/main.o
 .debug_info    0x000000000000302d     0x1395 ./Core/Src/stm32f1xx_hal_msp.o
 .debug_info    0x00000000000043c2      0xa3a ./Core/Src/stm32f1xx_it.o
 .debug_info    0x0000000000004dfc      0x2be ./Core/Src/system_stm32f1xx.o
 .debug_info    0x00000000000050ba       0x22 ./Core/Startup/startup_stm32f103c8tx.o
 .debug_info    0x00000000000050dc      0x76a ./Drivers/STM32F1xx_HAL_Driver/Src/stm32f1xx_hal.o
 .debug_info    0x0000000000005846      0xd2d ./Drivers/STM32F1xx_HAL_Driver/Src/stm32f1xx_hal_adc.o
 .debug_info    0x0000000000006573      0xbdc ./Drivers/STM32F1xx_HAL_Driver/Src/stm32f1xx_hal_cortex.o
 .debug_info    0x000000000000714f      0x81e ./Drivers/STM32F1xx_HAL_Driver/Src/stm32f1xx_hal_dma.o
 .debug_info    0x000000000000796d      0x701 ./Drivers/STM32F1xx_HAL_Driver/Src/stm32f1xx_hal_gpio.o
 .debug_info    0x000000000000806e      0x88e ./Drivers/STM32F1xx_HAL_Driver/Src/stm32f1xx_hal_rcc.o
 .debug_info    0x00000000000088fc      0x480 ./Drivers/STM32F1xx_HAL_Driver/Src/stm32f1xx_hal_rcc_ex.o
 .debug_info    0x0000000000008d7c     0x16bf ./Drivers/STM32F1xx_HAL_Driver/Src/stm32f1xx_hal_spi.o
 .debug_info    0x000000000000a43b     0x2a45 ./Drivers/STM32F1xx_HAL_Driver/Src/stm32f1xx_hal_tim.o
 .debug_info    0x000000000000ce80     0x14d5 ./Drivers/STM32F1xx_HAL_Driver/Src/stm32f1xx_hal_tim_ex.o
 .debug_info    0x000000000000e355     0x161a ./Drivers/STM32F1xx_HAL_Driver/Src/stm32f1xx_hal_uart.o
 .debug_info    0x000000000000f96f      0xac9 ./FATFS/App/fatfs.o
 .debug_info    0x0000000000010438      0xd24 ./FATFS/Target/user_diskio.o
 .debug_info    0x000000000001115c      0x4fe ./Middlewares/Third_Party/FatFs/src/diskio.o
 .debug_info    0x000000000001165a     0x2749 ./Middlewares/Third_Party/FatFs/src/ff.o
 .debug_info    0x0000000000013da3      0x495 ./Middlewares/Third_Party/FatFs/src/ff_gen_drv.o
 .debug_info    0x0000000000014238      0x286 ./Middlewares/Third_Party/FatFs/src/option/ccsbcs.o

.debug_abbrev   0x0000000000000000     0x2f56
 .debug_abbrev  0x0000000000000000      0x2be ./Core/Src/fatfs_sd.o
 .debug_abbrev  0x00000000000002be      0x3af ./Core/Src/main.o
 .debug_abbrev  0x000000000000066d      0x206 ./Core/Src/stm32f1xx_hal_msp.o
 .debug_abbrev  0x0000000000000873      0x176 ./Core/Src/stm32f1xx_it.o
 .debug_abbrev  0x00000000000009e9      0x14e ./Core/Src/system_stm32f1xx.o
 .debug_abbrev  0x0000000000000b37       0x12 ./Core/Startup/startup_stm32f103c8tx.o
 .debug_abbrev  0x0000000000000b49      0x1ed ./Drivers/STM32F1xx_HAL_Driver/Src/stm32f1xx_hal.o
 .debug_abbrev  0x0000000000000d36      0x1fb ./Drivers/STM32F1xx_HAL_Driver/Src/stm32f1xx_hal_adc.o
 .debug_abbrev  0x0000000000000f31      0x313 ./Drivers/STM32F1xx_HAL_Driver/Src/stm32f1xx_hal_cortex.o
 .debug_abbrev  0x0000000000001244      0x228 ./Drivers/STM32F1xx_HAL_Driver/Src/stm32f1xx_hal_dma.o
 .debug_abbrev  0x000000000000146c      0x1e8 ./Drivers/STM32F1xx_HAL_Driver/Src/stm32f1xx_hal_gpio.o
 .debug_abbrev  0x0000000000001654      0x273 ./Drivers/STM32F1xx_HAL_Driver/Src/stm32f1xx_hal_rcc.o
 .debug_abbrev  0x00000000000018c7      0x193 ./Drivers/STM32F1xx_HAL_Driver/Src/stm32f1xx_hal_rcc_ex.o
 .debug_abbrev  0x0000000000001a5a      0x26e ./Drivers/STM32F1xx_HAL_Driver/Src/stm32f1xx_hal_spi.o
 .debug_abbrev  0x0000000000001cc8      0x25e ./Drivers/STM32F1xx_HAL_Driver/Src/stm32f1xx_hal_tim.o
 .debug_abbrev  0x0000000000001f26      0x266 ./Drivers/STM32F1xx_HAL_Driver/Src/stm32f1xx_hal_tim_ex.o
 .debug_abbrev  0x000000000000218c      0x28b ./Drivers/STM32F1xx_HAL_Driver/Src/stm32f1xx_hal_uart.o
 .debug_abbrev  0x0000000000002417      0x1f7 ./FATFS/App/fatfs.o
 .debug_abbrev  0x000000000000260e      0x235 ./FATFS/Target/user_diskio.o
 .debug_abbrev  0x0000000000002843      0x18b ./Middlewares/Third_Party/FatFs/src/diskio.o
 .debug_abbrev  0x00000000000029ce      0x2b0 ./Middlewares/Third_Party/FatFs/src/ff.o
 .debug_abbrev  0x0000000000002c7e      0x1bc ./Middlewares/Third_Party/FatFs/src/ff_gen_drv.o
 .debug_abbrev  0x0000000000002e3a      0x11c ./Middlewares/Third_Party/FatFs/src/option/ccsbcs.o

.debug_aranges  0x0000000000000000     0x12c0
 .debug_aranges
                0x0000000000000000       0xa8 ./Core/Src/fatfs_sd.o
 .debug_aranges
                0x00000000000000a8       0x60 ./Core/Src/main.o
 .debug_aranges
                0x0000000000000108       0x60 ./Core/Src/stm32f1xx_hal_msp.o
 .debug_aranges
                0x0000000000000168       0x70 ./Core/Src/stm32f1xx_it.o
 .debug_aranges
                0x00000000000001d8       0x28 ./Core/Src/system_stm32f1xx.o
 .debug_aranges
                0x0000000000000200       0x28 ./Core/Startup/startup_stm32f103c8tx.o
 .debug_aranges
                0x0000000000000228       0xe0 ./Drivers/STM32F1xx_HAL_Driver/Src/stm32f1xx_hal.o
 .debug_aranges
                0x0000000000000308       0xf0 ./Drivers/STM32F1xx_HAL_Driver/Src/stm32f1xx_hal_adc.o
 .debug_aranges
                0x00000000000003f8      0x100 ./Drivers/STM32F1xx_HAL_Driver/Src/stm32f1xx_hal_cortex.o
 .debug_aranges
                0x00000000000004f8       0x80 ./Drivers/STM32F1xx_HAL_Driver/Src/stm32f1xx_hal_dma.o
 .debug_aranges
                0x0000000000000578       0x58 ./Drivers/STM32F1xx_HAL_Driver/Src/stm32f1xx_hal_gpio.o
 .debug_aranges
                0x00000000000005d0       0x90 ./Drivers/STM32F1xx_HAL_Driver/Src/stm32f1xx_hal_rcc.o
 .debug_aranges
                0x0000000000000660       0x30 ./Drivers/STM32F1xx_HAL_Driver/Src/stm32f1xx_hal_rcc_ex.o
 .debug_aranges
                0x0000000000000690      0x1d0 ./Drivers/STM32F1xx_HAL_Driver/Src/stm32f1xx_hal_spi.o
 .debug_aranges
                0x0000000000000860      0x3d0 ./Drivers/STM32F1xx_HAL_Driver/Src/stm32f1xx_hal_tim.o
 .debug_aranges
                0x0000000000000c30      0x168 ./Drivers/STM32F1xx_HAL_Driver/Src/stm32f1xx_hal_tim_ex.o
 .debug_aranges
                0x0000000000000d98      0x200 ./Drivers/STM32F1xx_HAL_Driver/Src/stm32f1xx_hal_uart.o
 .debug_aranges
                0x0000000000000f98       0x28 ./FATFS/App/fatfs.o
 .debug_aranges
                0x0000000000000fc0       0x40 ./FATFS/Target/user_diskio.o
 .debug_aranges
                0x0000000000001000       0x48 ./Middlewares/Third_Party/FatFs/src/diskio.o
 .debug_aranges
                0x0000000000001048      0x210 ./Middlewares/Third_Party/FatFs/src/ff.o
 .debug_aranges
                0x0000000000001258       0x40 ./Middlewares/Third_Party/FatFs/src/ff_gen_drv.o
 .debug_aranges
                0x0000000000001298       0x28 ./Middlewares/Third_Party/FatFs/src/option/ccsbcs.o

.debug_ranges   0x0000000000000000     0x1188
 .debug_ranges  0x0000000000000000       0x98 ./Core/Src/fatfs_sd.o
 .debug_ranges  0x0000000000000098       0x50 ./Core/Src/main.o
 .debug_ranges  0x00000000000000e8       0x50 ./Core/Src/stm32f1xx_hal_msp.o
 .debug_ranges  0x0000000000000138       0x60 ./Core/Src/stm32f1xx_it.o
 .debug_ranges  0x0000000000000198       0x18 ./Core/Src/system_stm32f1xx.o
 .debug_ranges  0x00000000000001b0       0x20 ./Core/Startup/startup_stm32f103c8tx.o
 .debug_ranges  0x00000000000001d0       0xd0 ./Drivers/STM32F1xx_HAL_Driver/Src/stm32f1xx_hal.o
 .debug_ranges  0x00000000000002a0       0xe0 ./Drivers/STM32F1xx_HAL_Driver/Src/stm32f1xx_hal_adc.o
 .debug_ranges  0x0000000000000380       0xf0 ./Drivers/STM32F1xx_HAL_Driver/Src/stm32f1xx_hal_cortex.o
 .debug_ranges  0x0000000000000470       0x70 ./Drivers/STM32F1xx_HAL_Driver/Src/stm32f1xx_hal_dma.o
 .debug_ranges  0x00000000000004e0       0x48 ./Drivers/STM32F1xx_HAL_Driver/Src/stm32f1xx_hal_gpio.o
 .debug_ranges  0x0000000000000528       0x80 ./Drivers/STM32F1xx_HAL_Driver/Src/stm32f1xx_hal_rcc.o
 .debug_ranges  0x00000000000005a8       0x20 ./Drivers/STM32F1xx_HAL_Driver/Src/stm32f1xx_hal_rcc_ex.o
 .debug_ranges  0x00000000000005c8      0x1c0 ./Drivers/STM32F1xx_HAL_Driver/Src/stm32f1xx_hal_spi.o
 .debug_ranges  0x0000000000000788      0x3c0 ./Drivers/STM32F1xx_HAL_Driver/Src/stm32f1xx_hal_tim.o
 .debug_ranges  0x0000000000000b48      0x158 ./Drivers/STM32F1xx_HAL_Driver/Src/stm32f1xx_hal_tim_ex.o
 .debug_ranges  0x0000000000000ca0      0x220 ./Drivers/STM32F1xx_HAL_Driver/Src/stm32f1xx_hal_uart.o
 .debug_ranges  0x0000000000000ec0       0x18 ./FATFS/App/fatfs.o
 .debug_ranges  0x0000000000000ed8       0x30 ./FATFS/Target/user_diskio.o
 .debug_ranges  0x0000000000000f08       0x38 ./Middlewares/Third_Party/FatFs/src/diskio.o
 .debug_ranges  0x0000000000000f40      0x200 ./Middlewares/Third_Party/FatFs/src/ff.o
 .debug_ranges  0x0000000000001140       0x30 ./Middlewares/Third_Party/FatFs/src/ff_gen_drv.o
 .debug_ranges  0x0000000000001170       0x18 ./Middlewares/Third_Party/FatFs/src/option/ccsbcs.o

.debug_macro    0x0000000000000000    0x19e5c
 .debug_macro   0x0000000000000000      0x1f4 ./Core/Src/fatfs_sd.o
 .debug_macro   0x00000000000001f4      0xa9c ./Core/Src/fatfs_sd.o
 .debug_macro   0x0000000000000c90      0x227 ./Core/Src/fatfs_sd.o
 .debug_macro   0x0000000000000eb7       0x2e ./Core/Src/fatfs_sd.o
 .debug_macro   0x0000000000000ee5       0x22 ./Core/Src/fatfs_sd.o
 .debug_macro   0x0000000000000f07       0x22 ./Core/Src/fatfs_sd.o
 .debug_macro   0x0000000000000f29       0x8e ./Core/Src/fatfs_sd.o
 .debug_macro   0x0000000000000fb7       0x51 ./Core/Src/fatfs_sd.o
 .debug_macro   0x0000000000001008      0x103 ./Core/Src/fatfs_sd.o
 .debug_macro   0x000000000000110b       0x6a ./Core/Src/fatfs_sd.o
 .debug_macro   0x0000000000001175      0x1df ./Core/Src/fatfs_sd.o
 .debug_macro   0x0000000000001354       0x1c ./Core/Src/fatfs_sd.o
 .debug_macro   0x0000000000001370       0x22 ./Core/Src/fatfs_sd.o
 .debug_macro   0x0000000000001392       0xc3 ./Core/Src/fatfs_sd.o
 .debug_macro   0x0000000000001455      0xd23 ./Core/Src/fatfs_sd.o
 .debug_macro   0x0000000000002178     0xe09e ./Core/Src/fatfs_sd.o
 .debug_macro   0x0000000000010216       0x6d ./Core/Src/fatfs_sd.o
 .debug_macro   0x0000000000010283     0x3468 ./Core/Src/fatfs_sd.o
 .debug_macro   0x00000000000136eb      0x174 ./Core/Src/fatfs_sd.o
 .debug_macro   0x000000000001385f       0x5c ./Core/Src/fatfs_sd.o
 .debug_macro   0x00000000000138bb      0x5be ./Core/Src/fatfs_sd.o
 .debug_macro   0x0000000000013e79      0x289 ./Core/Src/fatfs_sd.o
 .debug_macro   0x0000000000014102      0x1cb ./Core/Src/fatfs_sd.o
 .debug_macro   0x00000000000142cd      0x114 ./Core/Src/fatfs_sd.o
 .debug_macro   0x00000000000143e1      0x1b2 ./Core/Src/fatfs_sd.o
 .debug_macro   0x0000000000014593       0x27 ./Core/Src/fatfs_sd.o
 .debug_macro   0x00000000000145ba      0x136 ./Core/Src/fatfs_sd.o
 .debug_macro   0x00000000000146f0      0x1bc ./Core/Src/fatfs_sd.o
 .debug_macro   0x00000000000148ac       0x34 ./Core/Src/fatfs_sd.o
 .debug_macro   0x00000000000148e0       0x3c ./Core/Src/fatfs_sd.o
 .debug_macro   0x000000000001491c       0x57 ./Core/Src/fatfs_sd.o
 .debug_macro   0x0000000000014973      0x46a ./Core/Src/fatfs_sd.o
 .debug_macro   0x0000000000014ddd      0x1b5 ./Core/Src/fatfs_sd.o
 .debug_macro   0x0000000000014f92       0x88 ./Core/Src/fatfs_sd.o
 .debug_macro   0x000000000001501a      0x241 ./Core/Src/fatfs_sd.o
 .debug_macro   0x000000000001525b      0x141 ./Core/Src/fatfs_sd.o
 .debug_macro   0x000000000001539c      0x217 ./Core/Src/fatfs_sd.o
 .debug_macro   0x00000000000155b3      0x8d1 ./Core/Src/fatfs_sd.o
 .debug_macro   0x0000000000015e84      0x279 ./Core/Src/fatfs_sd.o
 .debug_macro   0x00000000000160fd       0x83 ./Core/Src/fatfs_sd.o
 .debug_macro   0x0000000000016180       0x16 ./Core/Src/fatfs_sd.o
 .debug_macro   0x0000000000016196       0x7c ./Core/Src/fatfs_sd.o
 .debug_macro   0x0000000000016212       0x9a ./Core/Src/fatfs_sd.o
 .debug_macro   0x00000000000162ac      0x380 ./Core/Src/main.o
 .debug_macro   0x000000000001662c       0xde ./Core/Src/main.o
 .debug_macro   0x000000000001670a       0xf5 ./Core/Src/main.o
 .debug_macro   0x00000000000167ff       0x8e ./Core/Src/main.o
 .debug_macro   0x000000000001688d       0x52 ./Core/Src/main.o
 .debug_macro   0x00000000000168df       0x18 ./Core/Src/main.o
 .debug_macro   0x00000000000168f7       0x3c ./Core/Src/main.o
 .debug_macro   0x0000000000016933       0x34 ./Core/Src/main.o
 .debug_macro   0x0000000000016967       0x16 ./Core/Src/main.o
 .debug_macro   0x000000000001697d       0x35 ./Core/Src/main.o
 .debug_macro   0x00000000000169b2      0x333 ./Core/Src/main.o
 .debug_macro   0x0000000000016ce5       0x10 ./Core/Src/main.o
 .debug_macro   0x0000000000016cf5       0x16 ./Core/Src/main.o
 .debug_macro   0x0000000000016d0b       0x43 ./Core/Src/main.o
 .debug_macro   0x0000000000016d4e       0x34 ./Core/Src/main.o
 .debug_macro   0x0000000000016d82       0x10 ./Core/Src/main.o
 .debug_macro   0x0000000000016d92       0x58 ./Core/Src/main.o
 .debug_macro   0x0000000000016dea       0x71 ./Core/Src/main.o
 .debug_macro   0x0000000000016e5b       0x1c ./Core/Src/main.o
 .debug_macro   0x0000000000016e77      0x12a ./Core/Src/main.o
 .debug_macro   0x0000000000016fa1       0x10 ./Core/Src/main.o
 .debug_macro   0x0000000000016fb1       0x1c ./Core/Src/main.o
 .debug_macro   0x0000000000016fcd       0x52 ./Core/Src/main.o
 .debug_macro   0x000000000001701f       0x22 ./Core/Src/main.o
 .debug_macro   0x0000000000017041       0x10 ./Core/Src/main.o
 .debug_macro   0x0000000000017051       0x40 ./Core/Src/main.o
 .debug_macro   0x0000000000017091       0xd5 ./Core/Src/main.o
 .debug_macro   0x0000000000017166       0x1c ./Core/Src/main.o
 .debug_macro   0x0000000000017182       0x3d ./Core/Src/main.o
 .debug_macro   0x00000000000171bf       0x16 ./Core/Src/main.o
 .debug_macro   0x00000000000171d5      0x145 ./Core/Src/main.o
 .debug_macro   0x000000000001731a      0x1cb ./Core/Src/stm32f1xx_hal_msp.o
 .debug_macro   0x00000000000174e5      0x1d5 ./Core/Src/stm32f1xx_it.o
 .debug_macro   0x00000000000176ba      0x1c1 ./Core/Src/system_stm32f1xx.o
 .debug_macro   0x000000000001787b      0x1e5 ./Drivers/STM32F1xx_HAL_Driver/Src/stm32f1xx_hal.o
 .debug_macro   0x0000000000017a60      0x1de ./Drivers/STM32F1xx_HAL_Driver/Src/stm32f1xx_hal_adc.o
 .debug_macro   0x0000000000017c3e      0x1c1 ./Drivers/STM32F1xx_HAL_Driver/Src/stm32f1xx_hal_cortex.o
 .debug_macro   0x0000000000017dff      0x1c1 ./Drivers/STM32F1xx_HAL_Driver/Src/stm32f1xx_hal_dma.o
 .debug_macro   0x0000000000017fc0      0x22c ./Drivers/STM32F1xx_HAL_Driver/Src/stm32f1xx_hal_gpio.o
 .debug_macro   0x00000000000181ec      0x1d3 ./Drivers/STM32F1xx_HAL_Driver/Src/stm32f1xx_hal_rcc.o
 .debug_macro   0x00000000000183bf      0x1c1 ./Drivers/STM32F1xx_HAL_Driver/Src/stm32f1xx_hal_rcc_ex.o
 .debug_macro   0x0000000000018580      0x1c9 ./Drivers/STM32F1xx_HAL_Driver/Src/stm32f1xx_hal_spi.o
 .debug_macro   0x0000000000018749      0x1c2 ./Drivers/STM32F1xx_HAL_Driver/Src/stm32f1xx_hal_tim.o
 .debug_macro   0x000000000001890b      0x1c1 ./Drivers/STM32F1xx_HAL_Driver/Src/stm32f1xx_hal_tim_ex.o
 .debug_macro   0x0000000000018acc      0x1c2 ./Drivers/STM32F1xx_HAL_Driver/Src/stm32f1xx_hal_uart.o
 .debug_macro   0x0000000000018c8e      0x227 ./FATFS/App/fatfs.o
 .debug_macro   0x0000000000018eb5       0xd8 ./FATFS/App/fatfs.o
 .debug_macro   0x0000000000018f8d      0x2d3 ./FATFS/Target/user_diskio.o
 .debug_macro   0x0000000000019260       0x10 ./FATFS/Target/user_diskio.o
 .debug_macro   0x0000000000019270       0x20 ./FATFS/Target/user_diskio.o
 .debug_macro   0x0000000000019290       0xbd ./FATFS/Target/user_diskio.o
 .debug_macro   0x000000000001934d       0x56 ./FATFS/Target/user_diskio.o
 .debug_macro   0x00000000000193a3      0x20b ./Middlewares/Third_Party/FatFs/src/diskio.o
 .debug_macro   0x00000000000195ae      0x452 ./Middlewares/Third_Party/FatFs/src/ff.o
 .debug_macro   0x0000000000019a00       0x58 ./Middlewares/Third_Party/FatFs/src/ff.o
 .debug_macro   0x0000000000019a58      0x20b ./Middlewares/Third_Party/FatFs/src/ff_gen_drv.o
 .debug_macro   0x0000000000019c63      0x1f9 ./Middlewares/Third_Party/FatFs/src/option/ccsbcs.o

.debug_line     0x0000000000000000    0x1699e
 .debug_line    0x0000000000000000      0xe0a ./Core/Src/fatfs_sd.o
 .debug_line    0x0000000000000e0a      0xc3f ./Core/Src/main.o
 .debug_line    0x0000000000001a49      0x81f ./Core/Src/stm32f1xx_hal_msp.o
 .debug_line    0x0000000000002268      0x7f9 ./Core/Src/stm32f1xx_it.o
 .debug_line    0x0000000000002a61      0x773 ./Core/Src/system_stm32f1xx.o
 .debug_line    0x00000000000031d4       0x87 ./Core/Startup/startup_stm32f103c8tx.o
 .debug_line    0x000000000000325b      0x9a0 ./Drivers/STM32F1xx_HAL_Driver/Src/stm32f1xx_hal.o
 .debug_line    0x0000000000003bfb     0x1017 ./Drivers/STM32F1xx_HAL_Driver/Src/stm32f1xx_hal_adc.o
 .debug_line    0x0000000000004c12      0xb88 ./Drivers/STM32F1xx_HAL_Driver/Src/stm32f1xx_hal_cortex.o
 .debug_line    0x000000000000579a      0xdf8 ./Drivers/STM32F1xx_HAL_Driver/Src/stm32f1xx_hal_dma.o
 .debug_line    0x0000000000006592      0xa37 ./Drivers/STM32F1xx_HAL_Driver/Src/stm32f1xx_hal_gpio.o
 .debug_line    0x0000000000006fc9      0xdae ./Drivers/STM32F1xx_HAL_Driver/Src/stm32f1xx_hal_rcc.o
 .debug_line    0x0000000000007d77      0x8ec ./Drivers/STM32F1xx_HAL_Driver/Src/stm32f1xx_hal_rcc_ex.o
 .debug_line    0x0000000000008663     0x1c25 ./Drivers/STM32F1xx_HAL_Driver/Src/stm32f1xx_hal_spi.o
 .debug_line    0x000000000000a288     0x3349 ./Drivers/STM32F1xx_HAL_Driver/Src/stm32f1xx_hal_tim.o
 .debug_line    0x000000000000d5d1     0x18c8 ./Drivers/STM32F1xx_HAL_Driver/Src/stm32f1xx_hal_tim_ex.o
 .debug_line    0x000000000000ee99     0x1a7b ./Drivers/STM32F1xx_HAL_Driver/Src/stm32f1xx_hal_uart.o
 .debug_line    0x0000000000010914      0x79e ./FATFS/App/fatfs.o
 .debug_line    0x00000000000110b2      0x920 ./FATFS/Target/user_diskio.o
 .debug_line    0x00000000000119d2      0x801 ./Middlewares/Third_Party/FatFs/src/diskio.o
 .debug_line    0x00000000000121d3     0x37ab ./Middlewares/Third_Party/FatFs/src/ff.o
 .debug_line    0x000000000001597e      0x81e ./Middlewares/Third_Party/FatFs/src/ff_gen_drv.o
 .debug_line    0x000000000001619c      0x802 ./Middlewares/Third_Party/FatFs/src/option/ccsbcs.o

.debug_str      0x0000000000000000    0x92b43
 .debug_str     0x0000000000000000    0x896f6 ./Core/Src/fatfs_sd.o
                                      0x89abd (size before relaxing)
 .debug_str     0x00000000000896f6     0x522d ./Core/Src/main.o
                                      0x8ed34 (size before relaxing)
 .debug_str     0x000000000008e923      0x36c ./Core/Src/stm32f1xx_hal_msp.o
                                      0x89fbf (size before relaxing)
 .debug_str     0x000000000008ec8f       0xcf ./Core/Src/stm32f1xx_it.o
                                      0x899a5 (size before relaxing)
 .debug_str     0x000000000008ed5e       0x52 ./Core/Src/system_stm32f1xx.o
                                      0x89298 (size before relaxing)
 .debug_str     0x000000000008edb0       0x36 ./Core/Startup/startup_stm32f103c8tx.o
                                         0x77 (size before relaxing)
 .debug_str     0x000000000008ede6      0x2fa ./Drivers/STM32F1xx_HAL_Driver/Src/stm32f1xx_hal.o
                                      0x89929 (size before relaxing)
 .debug_str     0x000000000008f0e0      0x357 ./Drivers/STM32F1xx_HAL_Driver/Src/stm32f1xx_hal_adc.o
                                      0x89928 (size before relaxing)
 .debug_str     0x000000000008f437      0x300 ./Drivers/STM32F1xx_HAL_Driver/Src/stm32f1xx_hal_cortex.o
                                      0x89931 (size before relaxing)
 .debug_str     0x000000000008f737      0x235 ./Drivers/STM32F1xx_HAL_Driver/Src/stm32f1xx_hal_dma.o
                                      0x89673 (size before relaxing)
 .debug_str     0x000000000008f96c      0x31f ./Drivers/STM32F1xx_HAL_Driver/Src/stm32f1xx_hal_gpio.o
                                      0x8965c (size before relaxing)
 .debug_str     0x000000000008fc8b      0x24f ./Drivers/STM32F1xx_HAL_Driver/Src/stm32f1xx_hal_rcc.o
                                      0x89695 (size before relaxing)
 .debug_str     0x000000000008feda       0xb9 ./Drivers/STM32F1xx_HAL_Driver/Src/stm32f1xx_hal_rcc_ex.o
                                      0x89422 (size before relaxing)
 .debug_str     0x000000000008ff93      0x538 ./Drivers/STM32F1xx_HAL_Driver/Src/stm32f1xx_hal_spi.o
                                      0x89ba4 (size before relaxing)
 .debug_str     0x00000000000904cb      0xd5a ./Drivers/STM32F1xx_HAL_Driver/Src/stm32f1xx_hal_tim.o
                                      0x8a667 (size before relaxing)
 .debug_str     0x0000000000091225      0x45a ./Drivers/STM32F1xx_HAL_Driver/Src/stm32f1xx_hal_tim_ex.o
                                      0x89e18 (size before relaxing)
 .debug_str     0x000000000009167f      0x5de ./Drivers/STM32F1xx_HAL_Driver/Src/stm32f1xx_hal_uart.o
                                      0x89c87 (size before relaxing)
 .debug_str     0x0000000000091c5d       0x2f ./FATFS/App/fatfs.o
                                      0x8a09f (size before relaxing)
 .debug_str     0x0000000000091c8c       0xe6 ./FATFS/Target/user_diskio.o
                                      0x8cceb (size before relaxing)
 .debug_str     0x0000000000091d72       0x52 ./Middlewares/Third_Party/FatFs/src/diskio.o
                                      0x89a91 (size before relaxing)
 .debug_str     0x0000000000091dc4      0xc73 ./Middlewares/Third_Party/FatFs/src/ff.o
                                      0x8a8fa (size before relaxing)
 .debug_str     0x0000000000092a37       0xa2 ./Middlewares/Third_Party/FatFs/src/ff_gen_drv.o
                                      0x89ae2 (size before relaxing)
 .debug_str     0x0000000000092ad9       0x6a ./Middlewares/Third_Party/FatFs/src/option/ccsbcs.o
                                      0x89882 (size before relaxing)

.comment        0x0000000000000000       0x53
 .comment       0x0000000000000000       0x53 ./Core/Src/fatfs_sd.o
                                         0x54 (size before relaxing)
 .comment       0x0000000000000053       0x54 ./Core/Src/main.o
 .comment       0x0000000000000053       0x54 ./Core/Src/stm32f1xx_hal_msp.o
 .comment       0x0000000000000053       0x54 ./Core/Src/stm32f1xx_it.o
 .comment       0x0000000000000053       0x54 ./Core/Src/system_stm32f1xx.o
 .comment       0x0000000000000053       0x54 ./Drivers/STM32F1xx_HAL_Driver/Src/stm32f1xx_hal.o
 .comment       0x0000000000000053       0x54 ./Drivers/STM32F1xx_HAL_Driver/Src/stm32f1xx_hal_adc.o
 .comment       0x0000000000000053       0x54 ./Drivers/STM32F1xx_HAL_Driver/Src/stm32f1xx_hal_cortex.o
 .comment       0x0000000000000053       0x54 ./Drivers/STM32F1xx_HAL_Driver/Src/stm32f1xx_hal_dma.o
 .comment       0x0000000000000053       0x54 ./Drivers/STM32F1xx_HAL_Driver/Src/stm32f1xx_hal_gpio.o
 .comment       0x0000000000000053       0x54 ./Drivers/STM32F1xx_HAL_Driver/Src/stm32f1xx_hal_rcc.o
 .comment       0x0000000000000053       0x54 ./Drivers/STM32F1xx_HAL_Driver/Src/stm32f1xx_hal_rcc_ex.o
 .comment       0x0000000000000053       0x54 ./Drivers/STM32F1xx_HAL_Driver/Src/stm32f1xx_hal_spi.o
 .comment       0x0000000000000053       0x54 ./Drivers/STM32F1xx_HAL_Driver/Src/stm32f1xx_hal_tim.o
 .comment       0x0000000000000053       0x54 ./Drivers/STM32F1xx_HAL_Driver/Src/stm32f1xx_hal_tim_ex.o
 .comment       0x0000000000000053       0x54 ./Drivers/STM32F1xx_HAL_Driver/Src/stm32f1xx_hal_uart.o
 .comment       0x0000000000000053       0x54 ./FATFS/App/fatfs.o
 .comment       0x0000000000000053       0x54 ./FATFS/Target/user_diskio.o
 .comment       0x0000000000000053       0x54 ./Middlewares/Third_Party/FatFs/src/diskio.o
 .comment       0x0000000000000053       0x54 ./Middlewares/Third_Party/FatFs/src/ff.o
 .comment       0x0000000000000053       0x54 ./Middlewares/Third_Party/FatFs/src/ff_gen_drv.o
 .comment       0x0000000000000053       0x54 ./Middlewares/Third_Party/FatFs/src/option/ccsbcs.o

.debug_frame    0x0000000000000000     0x4ed4
 .debug_frame   0x0000000000000000      0x28c ./Core/Src/fatfs_sd.o
 .debug_frame   0x000000000000028c      0x138 ./Core/Src/main.o
 .debug_frame   0x00000000000003c4      0x158 ./Core/Src/stm32f1xx_hal_msp.o
 .debug_frame   0x000000000000051c      0x13c ./Core/Src/stm32f1xx_it.o
 .debug_frame   0x0000000000000658       0x58 ./Core/Src/system_stm32f1xx.o
 .debug_frame   0x00000000000006b0      0x334 ./Drivers/STM32F1xx_HAL_Driver/Src/stm32f1xx_hal.o
 .debug_frame   0x00000000000009e4      0x40c ./Drivers/STM32F1xx_HAL_Driver/Src/stm32f1xx_hal_adc.o
 .debug_frame   0x0000000000000df0      0x428 ./Drivers/STM32F1xx_HAL_Driver/Src/stm32f1xx_hal_cortex.o
 .debug_frame   0x0000000000001218      0x208 ./Drivers/STM32F1xx_HAL_Driver/Src/stm32f1xx_hal_dma.o
 .debug_frame   0x0000000000001420      0x14c ./Drivers/STM32F1xx_HAL_Driver/Src/stm32f1xx_hal_gpio.o
 .debug_frame   0x000000000000156c      0x21c ./Drivers/STM32F1xx_HAL_Driver/Src/stm32f1xx_hal_rcc.o
 .debug_frame   0x0000000000001788       0x84 ./Drivers/STM32F1xx_HAL_Driver/Src/stm32f1xx_hal_rcc_ex.o
 .debug_frame   0x000000000000180c      0x824 ./Drivers/STM32F1xx_HAL_Driver/Src/stm32f1xx_hal_spi.o
 .debug_frame   0x0000000000002030     0x11b8 ./Drivers/STM32F1xx_HAL_Driver/Src/stm32f1xx_hal_tim.o
 .debug_frame   0x00000000000031e8      0x638 ./Drivers/STM32F1xx_HAL_Driver/Src/stm32f1xx_hal_tim_ex.o
 .debug_frame   0x0000000000003820      0x914 ./Drivers/STM32F1xx_HAL_Driver/Src/stm32f1xx_hal_uart.o
 .debug_frame   0x0000000000004134       0x4c ./FATFS/App/fatfs.o
 .debug_frame   0x0000000000004180       0xc4 ./FATFS/Target/user_diskio.o
 .debug_frame   0x0000000000004244       0xec ./Middlewares/Third_Party/FatFs/src/diskio.o
 .debug_frame   0x0000000000004330      0x9b0 ./Middlewares/Third_Party/FatFs/src/ff.o
 .debug_frame   0x0000000000004ce0       0xc8 ./Middlewares/Third_Party/FatFs/src/ff_gen_drv.o
 .debug_frame   0x0000000000004da8       0x60 ./Middlewares/Third_Party/FatFs/src/option/ccsbcs.o
 .debug_frame   0x0000000000004e08       0x2c /Applications/STM32CubeIDE.app/Contents/Eclipse/plugins/com.st.stm32cube.ide.mcu.externaltools.gnu-tools-for-stm32.9-2020-q2-update.macos64_2.0.0.202105311346/tools/bin/../lib/gcc/arm-none-eabi/9.3.1/../../../../arm-none-eabi/lib/thumb/v7-m/nofp/libc_nano.a(lib_a-init.o)
 .debug_frame   0x0000000000004e34       0x38 /Applications/STM32CubeIDE.app/Contents/Eclipse/plugins/com.st.stm32cube.ide.mcu.externaltools.gnu-tools-for-stm32.9-2020-q2-update.macos64_2.0.0.202105311346/tools/bin/../lib/gcc/arm-none-eabi/9.3.1/../../../../arm-none-eabi/lib/thumb/v7-m/nofp/libc_nano.a(lib_a-itoa.o)
 .debug_frame   0x0000000000004e6c       0x20 /Applications/STM32CubeIDE.app/Contents/Eclipse/plugins/com.st.stm32cube.ide.mcu.externaltools.gnu-tools-for-stm32.9-2020-q2-update.macos64_2.0.0.202105311346/tools/bin/../lib/gcc/arm-none-eabi/9.3.1/../../../../arm-none-eabi/lib/thumb/v7-m/nofp/libc_nano.a(lib_a-memset.o)
 .debug_frame   0x0000000000004e8c       0x48 /Applications/STM32CubeIDE.app/Contents/Eclipse/plugins/com.st.stm32cube.ide.mcu.externaltools.gnu-tools-for-stm32.9-2020-q2-update.macos64_2.0.0.202105311346/tools/bin/../lib/gcc/arm-none-eabi/9.3.1/../../../../arm-none-eabi/lib/thumb/v7-m/nofp/libc_nano.a(lib_a-utoa.o)
