fatfs_sd.c:28:13:SELECT	8	static
fatfs_sd.c:35:13:DESELECT	8	static
fatfs_sd.c:42:13:SPI_TxByte	16	static
fatfs_sd.c:49:13:SPI_TxBuffer	16	static
fatfs_sd.c:56:16:SPI_RxByte	24	static
fatfs_sd.c:68:13:SPI_RxBytePtr	16	static
fatfs_sd.c:78:16:SD_ReadyWait	16	static
fatfs_sd.c:94:13:SD_PowerOn	24	static
fatfs_sd.c:132:13:SD_PowerOff	4	static
fatfs_sd.c:138:16:SD_CheckPower	4	static
fatfs_sd.c:144:13:SD_RxDataBlock	24	static
fatfs_sd.c:173:13:SD_TxDataBlock	24	static
fatfs_sd.c:215:13:SD_SendCmd	24	static
fatfs_sd.c:254:9:SD_disk_initialize	32	static
fatfs_sd.c:354:9:SD_disk_status	16	static
fatfs_sd.c:361:9:SD_disk_read	24	static
fatfs_sd.c:403:9:SD_disk_write	24	static
fatfs_sd.c:458:9:SD_disk_ioctl	56	static
